###############################################################################
#
# IAR ELF Linker V7.10.3.6832/W32 for ARM                 24/Jul/2018  15:52:27
# Copyright 2007-2014 IAR Systems AB.
#
#    Output file  =  
#        D:\01.Work\project\IAR_PS-XD40\Project\Debug\Exe\PS-XD40.out
#    Map file     =  
#        D:\01.Work\project\IAR_PS-XD40\Project\Debug\List\PS-XD40.map
#    Command line =  
#        D:\01.Work\project\IAR_PS-XD40\Project\Debug\Obj\delay.o
#        D:\01.Work\project\IAR_PS-XD40\Project\Debug\Obj\demo.o
#        D:\01.Work\project\IAR_PS-XD40\Project\Debug\Obj\i2c.o
#        D:\01.Work\project\IAR_PS-XD40\Project\Debug\Obj\item.o
#        D:\01.Work\project\IAR_PS-XD40\Project\Debug\Obj\key.o
#        D:\01.Work\project\IAR_PS-XD40\Project\Debug\Obj\main.o
#        D:\01.Work\project\IAR_PS-XD40\Project\Debug\Obj\MCU.o
#        D:\01.Work\project\IAR_PS-XD40\Project\Debug\Obj\mdin3xx.o
#        D:\01.Work\project\IAR_PS-XD40\Project\Debug\Obj\mdinaux.o
#        D:\01.Work\project\IAR_PS-XD40\Project\Debug\Obj\mdinbus.o
#        D:\01.Work\project\IAR_PS-XD40\Project\Debug\Obj\mdincoef.o
#        D:\01.Work\project\IAR_PS-XD40\Project\Debug\Obj\mdincur.o
#        D:\01.Work\project\IAR_PS-XD40\Project\Debug\Obj\mdindly.o
#        D:\01.Work\project\IAR_PS-XD40\Project\Debug\Obj\mdinfrmt.o
#        D:\01.Work\project\IAR_PS-XD40\Project\Debug\Obj\mdingac.o
#        D:\01.Work\project\IAR_PS-XD40\Project\Debug\Obj\mdinhtx.o
#        D:\01.Work\project\IAR_PS-XD40\Project\Debug\Obj\mdini2c.o
#        D:\01.Work\project\IAR_PS-XD40\Project\Debug\Obj\mdinipc.o
#        D:\01.Work\project\IAR_PS-XD40\Project\Debug\Obj\mdinosd.o
#        D:\01.Work\project\IAR_PS-XD40\Project\Debug\Obj\menu.o
#        D:\01.Work\project\IAR_PS-XD40\Project\Debug\Obj\misc.o
#        D:\01.Work\project\IAR_PS-XD40\Project\Debug\Obj\NVP6158.o
#        D:\01.Work\project\IAR_PS-XD40\Project\Debug\Obj\osd.o
#        D:\01.Work\project\IAR_PS-XD40\Project\Debug\Obj\osd_display.o
#        D:\01.Work\project\IAR_PS-XD40\Project\Debug\Obj\raptor3_api.o
#        D:\01.Work\project\IAR_PS-XD40\Project\Debug\Obj\raptor3_drv.o
#        D:\01.Work\project\IAR_PS-XD40\Project\Debug\Obj\Rtc.o
#        D:\01.Work\project\IAR_PS-XD40\Project\Debug\Obj\sequence.o
#        D:\01.Work\project\IAR_PS-XD40\Project\Debug\Obj\startup_stm32f10x_hd.o
#        D:\01.Work\project\IAR_PS-XD40\Project\Debug\Obj\stm32f10x_bkp.o
#        D:\01.Work\project\IAR_PS-XD40\Project\Debug\Obj\stm32f10x_flash.o
#        D:\01.Work\project\IAR_PS-XD40\Project\Debug\Obj\stm32f10x_gpio.o
#        D:\01.Work\project\IAR_PS-XD40\Project\Debug\Obj\stm32f10x_pwr.o
#        D:\01.Work\project\IAR_PS-XD40\Project\Debug\Obj\stm32f10x_rcc.o
#        D:\01.Work\project\IAR_PS-XD40\Project\Debug\Obj\stm32f10x_rtc.o
#        D:\01.Work\project\IAR_PS-XD40\Project\Debug\Obj\stm32f10x_usart.o
#        D:\01.Work\project\IAR_PS-XD40\Project\Debug\Obj\system_stm32f10x.o
#        D:\01.Work\project\IAR_PS-XD40\Project\Debug\Obj\video.o
#        D:\01.Work\project\IAR_PS-XD40\Project\Debug\Obj\VS4210.o --redirect
#        _Printf=_PrintfFull --redirect _Scanf=_ScanfFull -o
#        D:\01.Work\project\IAR_PS-XD40\Project\Debug\Exe\PS-XD40.out --map
#        D:\01.Work\project\IAR_PS-XD40\Project\Debug\List\PS-XD40.map --config
#        D:\01.Work\project\IAR_PS-XD40\Project\stm32f103xC.icf --semihosting
#        D:\01.Work\project\IAR_PS-XD40\Project\..\App\Splitter\VS4210Lib\libVS4210.a
#        --entry __iar_program_start --inline --vfe
#
###############################################################################

*******************************************************************************
*** MESSAGES
***

Warning[Lt009]: Inconsistent wchar_t size
          D:\01.Work\project\IAR_PS-XD40\Project\Debug\Obj\delay.o and 76 other
                    objects have wchar_t size 16 bits
          VS4210.o(libVS4210.a) has wchar_t size 32 bits


*******************************************************************************
*** RUNTIME MODEL ATTRIBUTES
***

CppFlavor                     = *
__Heap_Handler                = Basic
__SystemLibrary               = DLib
__dlib_dynamic_initialization = normal


*******************************************************************************
*** PLACEMENT SUMMARY
***

"A1":  place at 0x08000000 { ro section .intvec };
"P1":  place in [from 0x08000000 to 0x080fffff] { ro };
"P2":  place in [from 0x20000000 to 0x20017fff] { rw, block CSTACK, block HEAP };

  Section                 Kind        Address     Size  Object
  -------                 ----        -------     ----  ------
"A1":                                            0x130
  .intvec                 ro code  0x08000000    0x130  startup_stm32f10x_hd.o [1]
                                 - 0x08000130    0x130

"P1":                                          0x1b3c4
  .rodata                 const    0x08000130   0x4c0c  VS4210.o [1]
  .text                   ro code  0x08004d3c   0x4a24  osd.o [1]
  .text                   ro code  0x08009760   0x23a0  mdin3xx.o [1]
  .text                   ro code  0x0800bb00     0x14  memset.o [3]
  .text                   ro code  0x0800bb14    0x646  mdinosd.o [1]
  .text                   ro code  0x0800c15a     0x2e  copy_init3.o [6]
  .text                   ro code  0x0800c188    0x1c8  mdingac.o [1]
  .text                   ro code  0x0800c350   0x1bdc  menu.o [1]
  .text                   ro code  0x0800df2c    0x560  mdini2c.o [1]
  .text                   ro code  0x0800e48c      0xc  memcpy.o [3]
  .text                   ro code  0x0800e498     0x76  ABImemcpy_unaligned.o [6]
  .text                   ro code  0x0800e50e     0x22  zero_init3.o [6]
  .text                   ro code  0x0800e530    0x5aa  mdinipc.o [1]
  .text                   ro code  0x0800eadc     0x58  mdindly.o [1]
  .text                   ro code  0x0800eb34    0xcba  mdinaux.o [1]
  .text                   ro code  0x0800f7f0   0x1362  mdinhtx.o [1]
  .text                   ro code  0x08010b54     0x66  ABImemset.o [6]
  .text                   ro code  0x08010bbc     0x36  strlen.o [6]
  .text                   ro code  0x08010bf4     0x3a  ABImemset48.o [6]
  .text                   ro code  0x08010c30   0x1a24  osd_display.o [1]
  .text                   ro code  0x08012654    0x2b4  MCU.o [1]
  .text                   ro code  0x08012908    0x668  demo.o [1]
  .text                   ro code  0x08012f70    0x364  Rtc.o [1]
  .text                   ro code  0x080132d4    0x168  i2c.o [1]
  .text                   ro code  0x0801343c     0x84  delay.o [1]
  .text                   ro code  0x080134c0      0x6  ABImemclr4.o [6]
  .text                   ro code  0x080134c8     0x58  stm32f10x_gpio.o [1]
  .text                   ro code  0x08013520     0xe4  stm32f10x_usart.o [1]
  .text                   ro code  0x08013604     0x8c  misc.o [1]
  .text                   ro code  0x08013690     0xfc  stm32f10x_rcc.o [1]
  .text                   ro code  0x0801378c      0xc  stm32f10x_pwr.o [1]
  .text                   ro code  0x08013798     0x48  stm32f10x_bkp.o [1]
  .text                   ro code  0x080137e0     0xa4  stm32f10x_rtc.o [1]
  .text                   ro code  0x08013884     0xee  stm32f10x_flash.o [1]
  .rodata                 const    0x08013974   0x1cb0  mdinfrmt.o [1]
  .rodata                 const    0x08015624    0x87c  mdincoef.o [1]
  .text                   ro code  0x08015ea0    0x65c  VS4210.o [1]
  .text.VS4210_Line_Clear
                          ro code  0x080164fc     0x24  VS4210.o [4]
  .text.VS4210_Line_Draw  ro code  0x08016520    0x1e4  VS4210.o [4]
  .text.VS4210_StartInit  ro code  0x08016704     0xc4  VS4210.o [4]
  .text.VS4210_displayon  ro code  0x080167c8     0x1c  VS4210.o [4]
  .text.Get_WindowNum     ro code  0x080167e4     0x14  VS4210.o [4]
  .text.VS4210_displayoff
                          ro code  0x080167f8     0x20  VS4210.o [4]
  .text.VS4210_CloseWindowsX
                          ro code  0x08016818     0x50  VS4210.o [4]
  .text.VS4210_init_Input_MODE88
                          ro code  0x08016868     0x60  VS4210.o [4]
  .text.VS4210_init_mode  ro code  0x080168c8    0x31c  VS4210.o [4]
  .text.VS4210_OpenWindowsX
                          ro code  0x08016be4     0x60  VS4210.o [4]
  .text.VS4210_channel0clear
                          ro code  0x08016c44     0x74  VS4210.o [4]
  .text.VS4210_FULL88init
                          ro code  0x08016cb8     0xe8  VS4210.o [4]
  .text.VS4210_init_Input_MODE0_w0
                          ro code  0x08016da0    0x2ec  VS4210.o [4]
  .text.VS4210_SwitchChannel
                          ro code  0x0801708c     0x34  VS4210.o [4]
  .text.VS4210_Mode0FastChange
                          ro code  0x080170c0     0xa4  VS4210.o [4]
  .text.VS4210_clearAllsignal
                          ro code  0x08017164     0x50  VS4210.o [4]
  .text.VS4210_init_Input_MODE1_w0
                          ro code  0x080171b4    0x2d0  VS4210.o [4]
  .text.VS4210_init_Input_MODE1_w1
                          ro code  0x08017484    0x2d0  VS4210.o [4]
  .text.VS4210_init_Input_MODE1_w2
                          ro code  0x08017754    0x2d0  VS4210.o [4]
  .text.VS4210_init_Input_MODE1_w3
                          ro code  0x08017a24    0x2d0  VS4210.o [4]
  .text.VS4210_init_Input_MODE2_w0
                          ro code  0x08017cf4    0x2d0  VS4210.o [4]
  .text.VS4210_init_Input_MODE2_w1
                          ro code  0x08017fc4    0x2d0  VS4210.o [4]
  .text.VS4210_init_Input_MODE2_w2
                          ro code  0x08018294    0x2d0  VS4210.o [4]
  .text.VS4210_init_Input_MODE2_w3
                          ro code  0x08018564    0x2d0  VS4210.o [4]
  .text.VS4210_init_Input_MODE6_w0
                          ro code  0x08018834    0x2d0  VS4210.o [4]
  .text.VS4210_init_Input_MODE6_w1
                          ro code  0x08018b04    0x2d0  VS4210.o [4]
  .text.VS4210_init_Input_MODE6_w2
                          ro code  0x08018dd4    0x2d0  VS4210.o [4]
  .text.VS4210_init_Input_MODE6_w3
                          ro code  0x080190a4    0x2d0  VS4210.o [4]
  .text.VS4210_init_Input_MODE12_w0
                          ro code  0x08019374    0x2d0  VS4210.o [4]
  .text.VS4210_init_Input_MODE12_w1
                          ro code  0x08019644    0x2d0  VS4210.o [4]
  .text.VS4210_SetHVLenght
                          ro code  0x08019914     0x8c  VS4210.o [4]
  .text.VS4210_init       ro code  0x080199a0     0x80  VS4210.o [4]
  .text                   ro code  0x08019a20    0x654  video.o [1]
  .text                   ro code  0x0801a074     0x10  item.o [1]
  .text                   ro code  0x0801a084    0x4ec  key.o [1]
  .text                   ro code  0x0801a570    0x200  sequence.o [1]
  .text                   ro code  0x0801a770    0x47a  main.o [1]
  .text                   ro code  0x0801abec      0x6  ABImemclr.o [6]
  .text                   ro code  0x0801abf4    0x204  NVP6158.o [1]
  .text                   ro code  0x0801adf8    0x39e  raptor3_drv.o [1]
  .text                   ro code  0x0801b198     0xec  system_stm32f10x.o [1]
  .text                   ro code  0x0801b284     0x28  data_init.o [6]
  .iar.init_table         const    0x0801b2ac     0x24  - Linker created -
  .text                   ro code  0x0801b2d0     0x1a  cmain.o [6]
  .text                   ro code  0x0801b2ea      0x4  exit.o [3]
  .text                   ro code  0x0801b2f0      0xa  cexit.o [6]
  .text                   ro code  0x0801b2fc     0x14  exit.o [7]
  .text                   ro code  0x0801b310     0x10  startup_stm32f10x_hd.o [1]
  .text                   ro code  0x0801b320      0xc  cstartup_M.o [6]
  .text                   ro code  0x0801b32c      0x4  startup_stm32f10x_hd.o [1]
  .text                   ro code  0x0801b330      0x4  startup_stm32f10x_hd.o [1]
  .text                   ro code  0x0801b334      0x4  startup_stm32f10x_hd.o [1]
  .text                   ro code  0x0801b338      0x4  startup_stm32f10x_hd.o [1]
  .text                   ro code  0x0801b33c      0x4  startup_stm32f10x_hd.o [1]
  .text                   ro code  0x0801b340      0x4  startup_stm32f10x_hd.o [1]
  .text                   ro code  0x0801b344      0x4  startup_stm32f10x_hd.o [1]
  .text                   ro code  0x0801b348      0x4  startup_stm32f10x_hd.o [1]
  .text                   ro code  0x0801b34c      0x4  startup_stm32f10x_hd.o [1]
  .text                   ro code  0x0801b350      0x4  startup_stm32f10x_hd.o [1]
  .text                   ro code  0x0801b354      0x4  startup_stm32f10x_hd.o [1]
  .text                   ro code  0x0801b358      0x4  startup_stm32f10x_hd.o [1]
  .text                   ro code  0x0801b35c      0x4  startup_stm32f10x_hd.o [1]
  .text                   ro code  0x0801b360      0x4  startup_stm32f10x_hd.o [1]
  .text                   ro code  0x0801b364      0x4  startup_stm32f10x_hd.o [1]
  .text                   ro code  0x0801b368      0x4  startup_stm32f10x_hd.o [1]
  .text                   ro code  0x0801b36c      0x4  startup_stm32f10x_hd.o [1]
  .text                   ro code  0x0801b370      0x4  startup_stm32f10x_hd.o [1]
  .text                   ro code  0x0801b374      0x4  startup_stm32f10x_hd.o [1]
  .text                   ro code  0x0801b378      0x4  startup_stm32f10x_hd.o [1]
  .text                   ro code  0x0801b37c      0x4  startup_stm32f10x_hd.o [1]
  .text                   ro code  0x0801b380      0x4  startup_stm32f10x_hd.o [1]
  .text                   ro code  0x0801b384      0x4  startup_stm32f10x_hd.o [1]
  .text                   ro code  0x0801b388      0x4  startup_stm32f10x_hd.o [1]
  .text                   ro code  0x0801b38c      0x4  startup_stm32f10x_hd.o [1]
  .text                   ro code  0x0801b390      0x4  startup_stm32f10x_hd.o [1]
  .text                   ro code  0x0801b394      0x4  startup_stm32f10x_hd.o [1]
  .text                   ro code  0x0801b398      0x4  startup_stm32f10x_hd.o [1]
  .text                   ro code  0x0801b39c      0x4  startup_stm32f10x_hd.o [1]
  .text                   ro code  0x0801b3a0      0x4  startup_stm32f10x_hd.o [1]
  .text                   ro code  0x0801b3a4      0x4  startup_stm32f10x_hd.o [1]
  .text                   ro code  0x0801b3a8      0x4  startup_stm32f10x_hd.o [1]
  .text                   ro code  0x0801b3ac      0x4  startup_stm32f10x_hd.o [1]
  .text                   ro code  0x0801b3b0      0x4  startup_stm32f10x_hd.o [1]
  .text                   ro code  0x0801b3b4      0x4  startup_stm32f10x_hd.o [1]
  .text                   ro code  0x0801b3b8      0x4  startup_stm32f10x_hd.o [1]
  .text                   ro code  0x0801b3bc      0x4  startup_stm32f10x_hd.o [1]
  .text                   ro code  0x0801b3c0      0x4  startup_stm32f10x_hd.o [1]
  .text                   ro code  0x0801b3c4      0x4  startup_stm32f10x_hd.o [1]
  .text                   ro code  0x0801b3c8      0x4  startup_stm32f10x_hd.o [1]
  .text                   ro code  0x0801b3cc      0x4  startup_stm32f10x_hd.o [1]
  .text                   ro code  0x0801b3d0      0x4  startup_stm32f10x_hd.o [1]
  .text                   ro code  0x0801b3d4      0x4  startup_stm32f10x_hd.o [1]
  .text                   ro code  0x0801b3d8      0x4  startup_stm32f10x_hd.o [1]
  .text                   ro code  0x0801b3dc      0x4  startup_stm32f10x_hd.o [1]
  .text                   ro code  0x0801b3e0      0x4  startup_stm32f10x_hd.o [1]
  .text                   ro code  0x0801b3e4      0x4  startup_stm32f10x_hd.o [1]
  .text                   ro code  0x0801b3e8      0x4  startup_stm32f10x_hd.o [1]
  .text                   ro code  0x0801b3ec      0x4  startup_stm32f10x_hd.o [1]
  .text                   ro code  0x0801b3f0      0x4  startup_stm32f10x_hd.o [1]
  .text                   ro code  0x0801b3f4      0x4  startup_stm32f10x_hd.o [1]
  .text                   ro code  0x0801b3f8      0x4  startup_stm32f10x_hd.o [1]
  .text                   ro code  0x0801b3fc      0x4  startup_stm32f10x_hd.o [1]
  .text                   ro code  0x0801b400      0x4  startup_stm32f10x_hd.o [1]
  .text                   ro code  0x0801b404      0x4  startup_stm32f10x_hd.o [1]
  .text                   ro code  0x0801b408      0x4  startup_stm32f10x_hd.o [1]
  .text                   ro code  0x0801b40c      0x4  startup_stm32f10x_hd.o [1]
  .text                   ro code  0x0801b410      0x4  startup_stm32f10x_hd.o [1]
  .text                   ro code  0x0801b414      0x4  startup_stm32f10x_hd.o [1]
  .text                   ro code  0x0801b418      0x4  startup_stm32f10x_hd.o [1]
  .text                   ro code  0x0801b41c      0x4  startup_stm32f10x_hd.o [1]
  .text                   ro code  0x0801b420      0x4  startup_stm32f10x_hd.o [1]
  .text                   ro code  0x0801b424      0x4  startup_stm32f10x_hd.o [1]
  .text                   ro code  0x0801b428      0x4  startup_stm32f10x_hd.o [1]
  .text                   ro code  0x0801b42c      0x4  startup_stm32f10x_hd.o [1]
  .text                   ro code  0x0801b430      0x4  startup_stm32f10x_hd.o [1]
  .rodata                 const    0x0801b434      0x0  zero_init3.o [6]
  .rodata                 const    0x0801b434      0x0  copy_init3.o [6]
  Initializer bytes       ro data  0x0801b434     0xc0  <for P2 s0>
                                 - 0x0801b4f4  0x1b3c4

"P2", part 1 of 3:                                0xc0
  P2 s0                            0x20000000     0xc0  <Init block>
    .data                 inited   0x20000000     0x24  main.o [1]
    .data                 inited   0x20000024     0x24  main.o [1]
    .data                 inited   0x20000048     0x20  key.o [1]
    .data                 inited   0x20000068     0x20  osd_display.o [1]
    .data                 inited   0x20000088     0x14  stm32f10x_rcc.o [1]
    .data                 inited   0x2000009c      0xa  VS4210.o [1]
    .data                 inited   0x200000a6      0x8  menu.o [1]
    .data                 inited   0x200000ae      0x1  VS4210.o [1]
    .data.gvideofftmp     inited   0x200000af      0x1  VS4210.o [4]
    .data                 inited   0x200000b0      0x8  sequence.o [1]
    .data                 inited   0x200000b8      0x4  VS4210.o [1]
    .data.gDrawBoxFlg     inited   0x200000bc      0x4  VS4210.o [4]
                                 - 0x200000c0     0xc0

"P2", part 2 of 3:                               0xd20
  .bss                    zero     0x200000c0    0x800  MCU.o [1]
  .bss                    zero     0x200008c0    0x174  video.o [1]
  .bss                    zero     0x20000a34     0xf0  osd.o [1]
  .bss                    zero     0x20000b24     0x80  main.o [1]
  .bss                    zero     0x20000ba4     0x48  osd_display.o [1]
  .bss                    zero     0x20000bec     0x48  osd_display.o [1]
  .bss                    zero     0x20000c34     0x2c  NVP6158.o [1]
  .bss                    zero     0x20000c60     0x24  osd.o [1]
  .bss                    zero     0x20000c84     0x20  mdin3xx.o [1]
  .bss                    zero     0x20000ca4     0x20  menu.o [1]
  .bss                    zero     0x20000cc4     0x20  video.o [1]
  .bss                    zero     0x20000ce4     0x1c  menu.o [1]
  .bss                    zero     0x20000d00     0x18  osd_display.o [1]
  .bss                    zero     0x20000d18     0x18  osd_display.o [1]
  .bss                    zero     0x20000d30     0x14  osd_display.o [1]
  .bss                    zero     0x20000d44     0x14  osd_display.o [1]
  .bss                    zero     0x20000d58     0x14  osd_display.o [1]
  .bss                    zero     0x20000d6c     0x14  Rtc.o [1]
  .bss                    zero     0x20000d80      0xc  osd.o [1]
  .bss                    zero     0x20000d8c      0x8  menu.o [1]
  .bss                    zero     0x20000d94      0x8  VS4210.o [1]
  .bss                    zero     0x20000d9c      0x8  VS4210.o [1]
  .bss                    zero     0x20000da4      0x8  VS4210.o [1]
  .bss                    zero     0x20000dac      0x8  VS4210.o [1]
  .bss                    zero     0x20000db4      0x6  mdinaux.o [1]
  .bss                    zero     0x20000dba      0x4  item.o [1]
  .bss                    zero     0x20000dbe      0x4  menu.o [1]
  .bss                    zero     0x20000dc2      0x2  demo.o [1]
  .bss                    zero     0x20000dc4      0x4  VS4210.o [1]
  .bss                    zero     0x20000dc8      0x4  VS4210.o [1]
  .bss                    zero     0x20000dcc      0x2  mdingac.o [1]
  .bss                    zero     0x20000dce      0x2  mdinhtx.o [1]
  .bss                    zero     0x20000dd0      0x2  mdini2c.o [1]
  .bss                    zero     0x20000dd2      0x1  main.o [1]
  .bss                    zero     0x20000dd3      0x1  mdinhtx.o [1]
  .bss                    zero     0x20000dd4      0x1  mdinhtx.o [1]
  .bss                    zero     0x20000dd5      0x1  mdinipc.o [1]
  .bss                    zero     0x20000dd6      0x1  osd_display.o [1]
  .bss                    zero     0x20000dd7      0x1  VS4210.o [1]
  .bss                    zero     0x20000dd8      0x1  VS4210.o [4]
  .bss                    zero     0x20000dd9      0x1  VS4210.o [4]
  .bss                    zero     0x20000dda      0x1  VS4210.o [4]
  .bss.OutSize30fpsFlg    zero     0x20000ddb      0x1  VS4210.o [4]
  .bss.PreVXIS_FULLOuputModeflg
                          zero     0x20000ddc      0x1  VS4210.o [4]
  .bss.PreVXIS_OuputSize  zero     0x20000ddd      0x1  VS4210.o [4]
  .bss.localch            zero     0x20000dde      0x1  VS4210.o [4]
                                 - 0x20000ddf    0xd1f

"P2", part 3 of 3:                               0x400
  CSTACK                           0x20000de0    0x400  <Block>
    CSTACK                uninit   0x20000de0    0x400  <Block tail>
                                 - 0x200011e0    0x400


*******************************************************************************
*** INIT TABLE
***

          Address     Size
          -------     ----
Zero (__iar_zero_init3)
    1 destination range, total size 0xd1f:
          0x200000c0  0xd1f

Copy (__iar_copy_init3)
    1 source range, total size 0xc0:
          0x0801b434   0xc0
    1 destination range, total size 0xc0:
          0x20000000   0xc0



*******************************************************************************
*** MODULE SUMMARY
***

    Module                  ro code  ro data  rw data
    ------                  -------  -------  -------
D:\01.Work\project\IAR_PS-XD40\Project\Debug\Obj: [1]
    MCU.o                       692             2 048
    NVP6158.o                   516                44
    Rtc.o                       868                20
    VS4210.o                  1 628   19 483       56
    delay.o                     132
    demo.o                    1 640                 2
    i2c.o                       360
    item.o                       16                 4
    key.o                     1 260       32       32
    main.o                    1 146       72      201
    mdin3xx.o                 9 120                32
    mdinaux.o                 3 258                 6
    mdincoef.o                         2 172
    mdindly.o                    88
    mdinfrmt.o                         7 344
    mdingac.o                   456                 2
    mdinhtx.o                 4 962                 4
    mdini2c.o                 1 376                 2
    mdinipc.o                 1 450                 1
    mdinosd.o                 1 606
    menu.o                    7 132        8       80
    misc.o                      140
    osd.o                    18 980               288
    osd_display.o             6 692       32      285
    raptor3_drv.o               926
    sequence.o                  512        8        8
    startup_stm32f10x_hd.o      584
    stm32f10x_bkp.o              72
    stm32f10x_flash.o           238
    stm32f10x_gpio.o             88
    stm32f10x_pwr.o              12
    stm32f10x_rcc.o             252       20       20
    stm32f10x_rtc.o             164
    stm32f10x_usart.o           228
    system_stm32f10x.o          236
    video.o                   1 620               404
    -------------------------------------------------
    Total:                   68 450   29 171    3 539

command line: [2]
    -------------------------------------------------
    Total:

dl7M_tlf.a: [3]
    exit.o                        4
    memcpy.o                     12
    memset.o                     20
    -------------------------------------------------
    Total:                       36

libVS4210.a: [4]
    VS4210.o                 13 604        5       12
    -------------------------------------------------
    Total:                   13 604        5       12

m7M_tl.a: [5]
    -------------------------------------------------
    Total:

rt7M_tl.a: [6]
    ABImemclr.o                   6
    ABImemclr4.o                  6
    ABImemcpy_unaligned.o       118
    ABImemset.o                 102
    ABImemset48.o                58
    cexit.o                      10
    cmain.o                      26
    copy_init3.o                 46
    cstartup_M.o                 12
    data_init.o                  40
    strlen.o                     54
    zero_init3.o                 34
    -------------------------------------------------
    Total:                      512

shb_l.a: [7]
    exit.o                       20
    -------------------------------------------------
    Total:                       20

    Gaps                         24        2
    Linker created                        36    1 024
-----------------------------------------------------
    Grand Total:             82 646   29 214    4 575


*******************************************************************************
*** ENTRY LIST
***

Entry                      Address    Size  Type      Object
-----                      -------    ----  ----      ------
?main                   0x0801b2d1          Code  Gb  cmain.o [6]
ADCPrescTable           0x20000098     0x4  Data  Lc  stm32f10x_rcc.o [1]
APBAHBPrescTable        0x20000088    0x10  Data  Lc  stm32f10x_rcc.o [1]
AckDetect               0x0801333d    0x46  Code  Gb  i2c.o [1]
AckSend                 0x0801338f    0x12  Code  Gb  i2c.o [1]
ArrowL                  0x0800c774     0x2  Data  Gb  menu.o [1]
Auto_Seq_Cnt            0x0801a65f    0x1a  Code  Gb  sequence.o [1]
Auto_Seq_Init           0x0801a571    0xee  Code  Gb  sequence.o [1]
Auto_Sequence           0x0801a679    0xe0  Code  Gb  sequence.o [1]
BKP_DeInit              0x08013799    0x12  Code  Gb  stm32f10x_bkp.o [1]
BKP_ReadBackupRegister  0x080137c3    0x18  Code  Gb  stm32f10x_bkp.o [1]
BKP_WriteBackupRegister
                        0x080137ab    0x18  Code  Gb  stm32f10x_bkp.o [1]
BLAN                    0x0800c6d0     0x2  Data  Gb  menu.o [1]
Baud_Rate_Dsp           0x0800dab9    0x50  Code  Gb  menu.o [1]
Bcd2Hex                 0x0800c4d7    0x10  Code  Gb  menu.o [1]
CSTACK$$Base            0x20000de0           --   Gb  - Linker created -
CSTACK$$Limit           0x200011e0           --   Gb  - Linker created -
Change_RTC_Cnt          0x08012fff    0x7e  Code  Gb  Rtc.o [1]
CodeWriteChar           0x0800c5a5    0x1e  Code  Gb  menu.o [1]
CreateOSDInstance       0x08004dcb    0x12  Code  Gb  osd.o [1]
CreateVideoInstance     0x08019c57     0x2  Code  Gb  video.o [1]
DEMOKIT_Outputfrmt      0x08019c37    0x20  Code  Gb  video.o [1]
DEMO_SetPIPDisplay      0x08012909    0x94  Code  Gb  demo.o [1]
DEMO_SetPIPViewWIND     0x0801299d   0x126  Code  Gb  demo.o [1]
DEMO_SetWindowPIPPOP    0x08012ac3     0xe  Code  Gb  demo.o [1]
Data_Con                0x0800c4c3    0x14  Code  Gb  menu.o [1]
Data_Format             0x0800cccd    0x6e  Code  Gb  menu.o [1]
Data_Load               0x0801a92d    0xa4  Code  Gb  main.o [1]
Data_Run                0x0800cc7f    0x34  Code  Gb  menu.o [1]
DateCon                 0x08011c53    0xc0  Code  Gb  osd_display.o [1]
Dec_Hex_Function        0x0800c4e7    0x12  Code  Gb  menu.o [1]
Delay_ms                0x080134a9    0x18  Code  Gb  delay.o [1]
Delay_us                0x0801343d    0x6c  Code  Gb  delay.o [1]
EEP_buf                 0x200000c0   0x800  Data  Gb  MCU.o [1]
EnDrawOSD               0x200000ae     0x1  Data  Gb  VS4210.o [1]
EncVideoFrmt            0x20000cd8     0x1  Data  Gb  video.o [1]
Erase_Menu_OSD          0x0800c615    0x32  Code  Gb  menu.o [1]
Erase_OSD               0x08010c79    0x42  Code  Gb  osd_display.o [1]
Ext_HV_Pos              0x08010e59   0x806  Code  Gb  osd_display.o [1]
FLASH_ClearFlag         0x08013917     0x6  Code  Gb  stm32f10x_flash.o [1]
FLASH_ErasePage         0x08013899    0x2a  Code  Gb  stm32f10x_flash.o [1]
FLASH_GetBank1Status    0x0801391d    0x22  Code  Gb  stm32f10x_flash.o [1]
FLASH_ProgramWord       0x080138d1    0x3e  Code  Gb  stm32f10x_flash.o [1]
FLASH_Unlock            0x08013885     0x2  Code  Gb  stm32f10x_flash.o [1]
FLASH_WaitForLastOperation
                        0x08013955     0x4  Code  Gb  stm32f10x_flash.o [1]
GPIO_PinRemapConfig     0x080134c9    0x52  Code  Gb  stm32f10x_gpio.o [1]
GetCLK                  0x20000c96     0x2  Data  Lc  mdin3xx.o [1]
GetDID                  0x20000c8a     0x2  Data  Lc  mdin3xx.o [1]
GetEDID                 0x20000dce     0x1  Data  Lc  mdinhtx.o [1]
GetENC                  0x20000c9a     0x2  Data  Lc  mdin3xx.o [1]
GetHDMI                 0x20000dd4     0x1  Data  Lc  mdinhtx.o [1]
GetIRQ                  0x20000c90     0x2  Data  Lc  mdin3xx.o [1]
GetMEM                  0x20000c8c     0x2  Data  Lc  mdin3xx.o [1]
GetMenuStatus           0x0800c367    0x56  Code  Gb  menu.o [1]
GetOSDMenuID            0x0800c35d     0x8  Code  Gb  menu.o [1]
GetPAD                  0x20000c98     0x2  Data  Lc  mdin3xx.o [1]
GetPLUG                 0x20000dcf     0x1  Data  Lc  mdinhtx.o [1]
GetPRI                  0x20000c92     0x2  Data  Lc  mdin3xx.o [1]
GetROW                  0x20000c8e     0x2  Data  Lc  mdin3xx.o [1]
GetSTV                  0x20000c94     0x2  Data  Lc  mdin3xx.o [1]
Get_WindowNum           0x080167e5    0x14  Code  Lc  VS4210.o [4]
Hex2Bcd                 0x08012f71    0x14  Code  Gb  Rtc.o [1]
Hex_Dec_Function        0x0800c4f9    0x16  Code  Gb  menu.o [1]
Hex_Dec_OSD             0x0800d535    0x2e  Code  Gb  menu.o [1]
I2CMultiAttribute       0x08015f6d    0x22  Code  Gb  VS4210.o [1]
I2CMultiWrite           0x08015f27    0x46  Code  Gb  VS4210.o [1]
I2CRead                 0x08015ea5    0x3c  Code  Gb  VS4210.o [1]
I2CWrite                0x08015ee1    0x38  Code  Gb  VS4210.o [1]
I2C_Delay               0x080132d5     0xc  Code  Gb  i2c.o [1]
I2C_P2S                 0x08013303    0x3a  Code  Gb  i2c.o [1]
I2C_S2P                 0x080133d5    0x54  Code  Gb  i2c.o [1]
I2C_Start               0x080132e1    0x16  Code  Gb  i2c.o [1]
I2C_Stop                0x080132f7     0xc  Code  Gb  i2c.o [1]
INC_Dec_Hex             0x0800c529    0x24  Code  Gb  menu.o [1]
IRQ_Init                0x08012793    0x64  Code  Gb  MCU.o [1]
Inc_Dec_Count           0x0800c50f    0x1a  Code  Gb  menu.o [1]
InputSelOld             0x20000cc5     0x1  Data  Gb  video.o [1]
InputSelect             0x20000cc4     0x1  Data  Gb  video.o [1]
Key_Check               0x0801a215    0xe4  Code  Gb  key.o [1]
Key_Input               0x0801a0d5    0xbe  Code  Gb  key.o [1]
Key_LED_Set             0x0801a085    0x50  Code  Gb  key.o [1]
Key_Led_Ctrl            0x0801a193    0x82  Code  Gb  key.o [1]
Key_Proc                0x0801a2f9   0x1bc  Code  Gb  key.o [1]
LOCAL_I2CRead           0x0800dfb1    0xf4  Code  Gb  mdini2c.o [1]
LOCAL_I2CWrite          0x0800df87    0x22  Code  Gb  mdini2c.o [1]
Load_Data               0x0801a86f    0xbe  Code  Gb  main.o [1]
Loss_Buzzer             0x0801a9d1    0x2c  Code  Gb  main.o [1]
Loss_Buzzer_Cnt         0x2000000a     0x1  Data  Gb  main.o [1]
Loss_Check              0x0801a9fd    0x2e  Code  Gb  main.o [1]
Loss_Event_Flag         0x20000009     0x1  Data  Gb  main.o [1]
Loss_Time_Dsp           0x0800da67    0x34  Code  Gb  menu.o [1]
MCU_init                0x08012655    0xd4  Code  Gb  MCU.o [1]
MDIN3xx_EnableAuxDisplay
                        0x0800b8ef    0x7e  Code  Gb  mdin3xx.o [1]
MDIN3xx_EnableBWExtension
                        0x0800b3db     0xc  Code  Gb  mdin3xx.o [1]
MDIN3xx_EnableCTI       0x0800b32f    0x24  Code  Gb  mdin3xx.o [1]
MDIN3xx_EnableClockDrive
                        0x0800b861    0x36  Code  Gb  mdin3xx.o [1]
MDIN3xx_EnableColorEnFilter
                        0x0800b36f     0xc  Code  Gb  mdin3xx.o [1]
MDIN3xx_EnableDeint3DNR
                        0x0800e765   0x190  Code  Gb  mdinipc.o [1]
MDIN3xx_EnableDeintCCS  0x0800e975    0x5c  Code  Gb  mdinipc.o [1]
MDIN3xx_EnableDeintCUE  0x0800e9d1    0x54  Code  Gb  mdinipc.o [1]
MDIN3xx_EnableDeintInterWND
                        0x0800ea91    0x34  Code  Gb  mdinipc.o [1]
MDIN3xx_EnableFrontNRFilter
                        0x0800b2af    0x28  Code  Gb  mdin3xx.o [1]
MDIN3xx_EnableLTI       0x0800b30d    0x16  Code  Gb  mdin3xx.o [1]
MDIN3xx_EnableMainDisplay
                        0x0800b897    0x3e  Code  Gb  mdin3xx.o [1]
MDIN3xx_EnablePeakingFilter
                        0x0800b2ff     0xe  Code  Gb  mdin3xx.o [1]
MDIN3xx_EnableWriteFRMB
                        0x0800ae27    0x9c  Code  Gb  mdin3xx.o [1]
MDIN3xx_GetChipID       0x0800b73b     0xe  Code  Gb  mdin3xx.o [1]
MDIN3xx_GetDeviceID     0x0800b749     0xe  Code  Gb  mdin3xx.o [1]
MDIN3xx_GetSizeOfBank   0x0800b777    0x16  Code  Gb  mdin3xx.o [1]
MDIN3xx_GetVersionID    0x0800b757    0x20  Code  Gb  mdin3xx.o [1]
MDIN3xx_ScaleDownProgNR
                        0x0800e589    0xbe  Code  Lc  mdinipc.o [1]
MDIN3xx_Set10BITProcess
                        0x0800a57f    0x8a  Code  Lc  mdin3xx.o [1]
MDIN3xx_Set4CHProcess   0x0800aee1   0x16e  Code  Lc  mdin3xx.o [1]
MDIN3xx_SetBlockNRFilterCoef
                        0x0800b387    0x18  Code  Gb  mdin3xx.o [1]
MDIN3xx_SetColorEnFilterCoef
                        0x0800b353    0x16  Code  Gb  mdin3xx.o [1]
MDIN3xx_SetColorTonFilterCoef
                        0x0800b3b3    0x16  Code  Gb  mdin3xx.o [1]
MDIN3xx_SetDIGOutMapMode
                        0x0800b98f    0x3c  Code  Gb  mdin3xx.o [1]
MDIN3xx_SetDeint3DNRGain
                        0x0800e903    0x66  Code  Gb  mdinipc.o [1]
MDIN3xx_SetDeintFilm    0x0800e55d    0x22  Code  Gb  mdinipc.o [1]
MDIN3xx_SetDeintInterWND
                        0x0800ea25    0x6c  Code  Gb  mdinipc.o [1]
MDIN3xx_SetDeintMode    0x0800e543    0x1a  Code  Gb  mdinipc.o [1]
MDIN3xx_SetDeintUltraNR
                        0x0800e647   0x11e  Code  Lc  mdinipc.o [1]
MDIN3xx_SetDeinterCtrl  0x0800a78b   0x254  Code  Lc  mdin3xx.o [1]
MDIN3xx_SetDelayCLK_A   0x0800b21f    0x10  Code  Gb  mdin3xx.o [1]
MDIN3xx_SetDelayCLK_B   0x0800b22f    0x10  Code  Gb  mdin3xx.o [1]
MDIN3xx_SetFFCNRProcess
                        0x0800a615    0x6c  Code  Lc  mdin3xx.o [1]
MDIN3xx_SetFrameBuffer  0x0800ab11   0x2be  Code  Lc  mdin3xx.o [1]
MDIN3xx_SetFrontNRFilterCoef
                        0x0800b287    0x28  Code  Gb  mdin3xx.o [1]
MDIN3xx_SetIPCBlock     0x0800e531    0x12  Code  Gb  mdinipc.o [1]
MDIN3xx_SetIPCCtrlFlags
                        0x0800a691    0xfa  Code  Lc  mdin3xx.o [1]
MDIN3xx_SetInDataMapMode
                        0x0800b979     0x8  Code  Gb  mdin3xx.o [1]
MDIN3xx_SetMFCFilterCoef
                        0x0800a453    0x6e  Code  Lc  mdin3xx.o [1]
MDIN3xx_SetMFCHCFilterCoef
                        0x0800b201     0xa  Code  Gb  mdin3xx.o [1]
MDIN3xx_SetMFCHYFilterCoef
                        0x0800b1f7     0xa  Code  Gb  mdin3xx.o [1]
MDIN3xx_SetMFCScaleCtrl
                        0x0800a4c5    0xb6  Code  Lc  mdin3xx.o [1]
MDIN3xx_SetMFCScaleWind
                        0x0800a1a5   0x294  Code  Lc  mdin3xx.o [1]
MDIN3xx_SetMFCVCFilterCoef
                        0x0800b215     0xa  Code  Gb  mdin3xx.o [1]
MDIN3xx_SetMFCVYFilterCoef
                        0x0800b20b     0xa  Code  Gb  mdin3xx.o [1]
MDIN3xx_SetMemoryConfig
                        0x0800b3f7   0x314  Code  Gb  mdin3xx.o [1]
MDIN3xx_SetMemoryMap    0x0800aa05    0xea  Code  Lc  mdin3xx.o [1]
MDIN3xx_SetMosquitFilterCoef
                        0x0800b39f    0x14  Code  Gb  mdin3xx.o [1]
MDIN3xx_SetOutVideoCSC  0x08009d6d   0x224  Code  Gb  mdin3xx.o [1]
MDIN3xx_SetOutVideoDAC  0x08009fab    0x5a  Code  Lc  mdin3xx.o [1]
MDIN3xx_SetOutVideoFrmt
                        0x08009b95   0x188  Code  Gb  mdin3xx.o [1]
MDIN3xx_SetOutVideoSYNC
                        0x0800a005   0x19a  Code  Lc  mdin3xx.o [1]
MDIN3xx_SetPeakingFilterCoef
                        0x0800b2d7    0x18  Code  Gb  mdin3xx.o [1]
MDIN3xx_SetPeakingFilterLevel
                        0x0800b2ef    0x10  Code  Gb  mdin3xx.o [1]
MDIN3xx_SetPriorityHIF  0x0800b807    0x18  Code  Gb  mdin3xx.o [1]
MDIN3xx_SetRegInitial   0x08019a21   0x216  Code  Lc  video.o [1]
MDIN3xx_SetSrcClockPath
                        0x08009761   0x150  Code  Gb  mdin3xx.o [1]
MDIN3xx_SetSrcTestPattern
                        0x0800ba17    0xc0  Code  Gb  mdin3xx.o [1]
MDIN3xx_SetSrcVideoCSC  0x08009d1d    0x50  Code  Gb  mdin3xx.o [1]
MDIN3xx_SetSrcVideoFrmt
                        0x08009b25    0x62  Code  Gb  mdin3xx.o [1]
MDIN3xx_SetSrcVideoPort
                        0x080098b1   0x274  Code  Gb  mdin3xx.o [1]
MDIN3xx_SetVCLKPLLSource
                        0x0800b81f    0x2e  Code  Gb  mdin3xx.o [1]
MDIN3xx_SoftReset       0x0800b78d    0x5a  Code  Gb  mdin3xx.o [1]
MDIN3xx_VideoProcess    0x0800b067   0x166  Code  Gb  mdin3xx.o [1]
MDINAUX_EnableFrontNRFilter
                        0x0800f7a1    0x42  Code  Gb  mdinaux.o [1]
MDINAUX_SetAuxVideoCLK  0x0800f501    0xdc  Code  Lc  mdinaux.o [1]
MDINAUX_SetEncVideoFrmt
                        0x0800f5e5    0xe4  Code  Lc  mdinaux.o [1]
MDINAUX_SetFrontNRFilterCoef
                        0x0800f751    0x16  Code  Gb  mdinaux.o [1]
MDINAUX_SetMFCScaleCtrl
                        0x0800f435    0xbc  Code  Lc  mdinaux.o [1]
MDINAUX_SetMFCScaleWind
                        0x0800f215   0x220  Code  Lc  mdinaux.o [1]
MDINAUX_SetOutVideoCSC  0x0800edf3   0x23a  Code  Lc  mdinaux.o [1]
MDINAUX_SetOutVideoFrmt
                        0x0800ec65   0x128  Code  Lc  mdinaux.o [1]
MDINAUX_SetOutVideoSYNC
                        0x0800f081   0x188  Code  Lc  mdinaux.o [1]
MDINAUX_SetScaleProcess
                        0x0800f71b    0x1e  Code  Gb  mdinaux.o [1]
MDINAUX_SetSrcVideoCSC  0x0800ed8d    0x66  Code  Lc  mdinaux.o [1]
MDINAUX_SetSrcVideoFrmt
                        0x0800eb8b    0xd2  Code  Gb  mdinaux.o [1]
MDINAUX_SetVideoPLL     0x0800eb35    0x56  Code  Gb  mdinaux.o [1]
MDINAUX_SpriteBMPInfo   0x0800bdf7    0x50  Code  Lc  mdinosd.o [1]
MDINAUX_VideoProcess    0x0800f6cd    0x4e  Code  Gb  mdinaux.o [1]
MDINDLY_10uSec          0x0800eadd    0x3e  Code  Gb  mdindly.o [1]
MDINDLY_mSec            0x0800eb1b    0x1a  Code  Gb  mdindly.o [1]
MDINGAC_SetDrawXYMode   0x0800c301    0x48  Code  Gb  mdingac.o [1]
MDINGAC_SetFontMode     0x0800c189   0x174  Code  Gb  mdingac.o [1]
MDINHTX_Check1stCRC     0x0800f985    0x1e  Code  Lc  mdinhtx.o [1]
MDINHTX_Check2ndCRC     0x0800f9a3    0x1e  Code  Lc  mdinhtx.o [1]
MDINHTX_CheckCRC        0x0800f94d    0x38  Code  Lc  mdinhtx.o [1]
MDINHTX_CheckHDMISignature
                        0x0800f9c1    0xb4  Code  Lc  mdinhtx.o [1]
MDINHTX_CtrlHandler     0x080108a9   0x168  Code  Gb  mdinhtx.o [1]
MDINHTX_EnableControlPKT
                        0x0800fdbd    0x98  Code  Lc  mdinhtx.o [1]
MDINHTX_EnableInfoFrmAUD
                        0x08010045    0xb2  Code  Lc  mdinhtx.o [1]
MDINHTX_EnableInfoFrmAVI
                        0x08010017    0x22  Code  Lc  mdinhtx.o [1]
MDINHTX_EnablePhyPWR    0x080101e1    0x72  Code  Lc  mdinhtx.o [1]
MDINHTX_GetInfoFrameOff
                        0x0800fe61    0x38  Code  Lc  mdinhtx.o [1]
MDINHTX_GetMDDCProcDone
                        0x0800f7f1    0x42  Code  Lc  mdinhtx.o [1]
MDINHTX_InitModeDVI     0x080106bd    0xa8  Code  Lc  mdinhtx.o [1]
MDINHTX_InitModeHDMI    0x08010775    0xd6  Code  Lc  mdinhtx.o [1]
MDINHTX_IsModeHDMI      0x08010139     0xc  Code  Lc  mdinhtx.o [1]
MDINHTX_ParseEDID       0x0800fc3f   0x176  Code  Lc  mdinhtx.o [1]
MDINHTX_ParseVersion    0x0800f91b    0x32  Code  Lc  mdinhtx.o [1]
MDINHTX_ReadEDID        0x0800f8c7    0x54  Code  Lc  mdinhtx.o [1]
MDINHTX_ReadMDDC        0x0800f833    0x94  Code  Lc  mdinhtx.o [1]
MDINHTX_Set656Mode      0x08010145    0x94  Code  Lc  mdinhtx.o [1]
MDINHTX_SetAudioPath    0x08010521   0x16a  Code  Lc  mdinhtx.o [1]
MDINHTX_SetHDMIBlock    0x08010a7d    0xba  Code  Gb  mdinhtx.o [1]
MDINHTX_SetInfoFrameAVI
                        0x0800feb1   0x15a  Code  Lc  mdinhtx.o [1]
MDINHTX_SetModeHDMI     0x0801010f    0x2a  Code  Lc  mdinhtx.o [1]
MDINHTX_SetNativeFrmtByDTD
                        0x0800fab1    0xea  Code  Lc  mdinhtx.o [1]
MDINHTX_SetNativeFrmtByVID
                        0x0800fba1    0x9e  Code  Lc  mdinhtx.o [1]
MDINHTX_SetNativeModeBy861B
                        0x0800fa75    0x3c  Code  Lc  mdinhtx.o [1]
MDINHTX_SetOutputMode   0x0801086f    0x3a  Code  Lc  mdinhtx.o [1]
MDINHTX_SetSoftNVAL     0x08010465    0xb4  Code  Lc  mdinhtx.o [1]
MDINHTX_SetVideoMode    0x080102bb    0xf2  Code  Lc  mdinhtx.o [1]
MDINHTX_SetVideoPath    0x080103ad    0xb8  Code  Lc  mdinhtx.o [1]
MDINHTX_SoftReset       0x08010253    0x56  Code  Lc  mdinhtx.o [1]
MDINHTX_VideoProcess    0x08010a3b    0x42  Code  Gb  mdinhtx.o [1]
MDINI2C_MultiRead       0x0800e2d7    0x4e  Code  Gb  mdini2c.o [1]
MDINI2C_MultiWrite      0x0800e27d    0x4e  Code  Gb  mdini2c.o [1]
MDINI2C_Read            0x0800e405    0x72  Code  Lc  mdini2c.o [1]
MDINI2C_RegField        0x0800e333    0x5c  Code  Gb  mdini2c.o [1]
MDINI2C_RegRead         0x0800e325     0x8  Code  Gb  mdini2c.o [1]
MDINI2C_RegWrite        0x0800e2cb     0xc  Code  Gb  mdini2c.o [1]
MDINI2C_SetPage         0x0800df2d    0x22  Code  Gb  mdini2c.o [1]
MDINI2C_Write           0x0800e38f    0x6c  Code  Lc  mdini2c.o [1]
MDINOSD_EnableBGBox     0x0800bbdb    0x34  Code  Gb  mdinosd.o [1]
MDINOSD_EnableLayerRepeat
                        0x0800c0ef    0x24  Code  Gb  mdinosd.o [1]
MDINOSD_EnableSprite    0x0800bf15    0x16  Code  Gb  mdinosd.o [1]
MDINOSD_LayerCSCBypass  0x0800bf97    0x24  Code  Lc  mdinosd.o [1]
MDINOSD_LayerPalette    0x0800c013    0x9c  Code  Lc  mdinosd.o [1]
MDINOSD_LayerRGBKey     0x0800bfc5    0x2a  Code  Lc  mdinosd.o [1]
MDINOSD_LayerRepeat     0x0800bf2b    0x5c  Code  Lc  mdinosd.o [1]
MDINOSD_LayerYUVKey     0x0800bfef    0x24  Code  Lc  mdinosd.o [1]
MDINOSD_SetBGBoxArea    0x0800bb5d    0x7e  Code  Gb  mdinosd.o [1]
MDINOSD_SetBGBoxColor   0x0800bb3b    0x22  Code  Gb  mdinosd.o [1]
MDINOSD_SetBGLayerColor
                        0x0800bb15    0x26  Code  Gb  mdinosd.o [1]
MDINOSD_SetBitmapData   0x0800c129    0x32  Code  Gb  mdinosd.o [1]
MDINOSD_SetLayerConfig  0x0800c0b7    0x38  Code  Gb  mdinosd.o [1]
MDINOSD_SetLayerPalette
                        0x0800c113    0x16  Code  Gb  mdinosd.o [1]
MDINOSD_SetSpriteConfig
                        0x0800bed3    0x42  Code  Gb  mdinosd.o [1]
MDINOSD_SpriteAlpha     0x0800bda3    0x28  Code  Lc  mdinosd.o [1]
MDINOSD_SpriteBMPInfo   0x0800be47    0x60  Code  Lc  mdinosd.o [1]
MDINOSD_SpriteColorMode
                        0x0800bc0f    0xf0  Code  Lc  mdinosd.o [1]
MDINOSD_SpriteDisplay   0x0800bcff    0x28  Code  Lc  mdinosd.o [1]
MDINOSD_SpritePaletteAddr
                        0x0800bdd7    0x20  Code  Lc  mdinosd.o [1]
MDINOSD_SpritePosition  0x0800bd27    0x7c  Code  Lc  mdinosd.o [1]
MDIN_AuxDownFilter_Default
                        0x08015ce4    0x70  Data  Gb  mdincoef.o [1]
MDIN_BlockNRFilter_Default
                        0x08015c94     0x8  Data  Gb  mdincoef.o [1]
MDIN_ColorEnFilter_Default
                        0x08015c8c     0x8  Data  Gb  mdincoef.o [1]
MDIN_ColorTonFilter_Default
                        0x08015cb0    0x34  Data  Gb  mdincoef.o [1]
MDIN_CscBypass_StdRange
                        0x080156a4    0x20  Data  Gb  mdincoef.o [1]
MDIN_CscCosHue          0x08015704   0x200  Data  Gb  mdincoef.o [1]
MDIN_CscHDtoSD_StdRange
                        0x080156e4    0x20  Data  Gb  mdincoef.o [1]
MDIN_CscRGBtoYUV_HD_StdRange
                        0x08015644    0x20  Data  Gb  mdincoef.o [1]
MDIN_CscRGBtoYUV_SD_StdRange
                        0x08015624    0x20  Data  Gb  mdincoef.o [1]
MDIN_CscSDtoHD_StdRange
                        0x080156c4    0x20  Data  Gb  mdincoef.o [1]
MDIN_CscSinHue          0x08015904   0x200  Data  Gb  mdincoef.o [1]
MDIN_CscYUVtoRGB_HD_FullRange
                        0x08015684    0x20  Data  Gb  mdincoef.o [1]
MDIN_CscYUVtoRGB_SD_FullRange
                        0x08015664    0x20  Data  Gb  mdincoef.o [1]
MDIN_Deinter_Default    0x08015d54   0x100  Data  Gb  mdincoef.o [1]
MDIN_Encoder_Default    0x08015e54    0x4c  Data  Gb  mdincoef.o [1]
MDIN_FrontNRFilter_Default
                        0x08015c04    0x78  Data  Gb  mdincoef.o [1]
MDIN_MFCFilter_Spline_0_50
                        0x08015b04   0x100  Data  Gb  mdincoef.o [1]
MDIN_MosquitFilter_Default
                        0x08015c9c    0x14  Data  Gb  mdincoef.o [1]
MDIN_PeakingFilter_Default
                        0x08015c7c    0x10  Data  Gb  mdincoef.o [1]
MHDMI_HOSTRead          0x0800e0c3    0x78  Code  Lc  mdini2c.o [1]
MHDMI_I2CRead           0x0800e155    0x2c  Code  Gb  mdini2c.o [1]
MHDMI_I2CWrite          0x0800e0a5    0x1e  Code  Gb  mdini2c.o [1]
MHOST_I2CRead           0x0800df65    0x16  Code  Gb  mdini2c.o [1]
MHOST_I2CWrite          0x0800df4f    0x16  Code  Gb  mdini2c.o [1]
MenuSelect              0x0800c66d    0x62  Code  Gb  menu.o [1]
Mode_9Split             0x0800d7a1    0x6c  Code  Gb  menu.o [1]
NC_VD_AUTO_AutoMode_Set
                        0x0801ac77    0x1a  Code  Gb  NVP6158.o [1]
NVIC_Init               0x0801360f    0x58  Code  Gb  misc.o [1]
NVIC_PriorityGroupConfig
                        0x08013605     0xa  Code  Gb  misc.o [1]
NVIC_SetVectorTable     0x08013667     0xc  Code  Gb  misc.o [1]
NVP6158_I2C_READ        0x0801abf5    0x42  Code  Gb  NVP6158.o [1]
NVP6158_I2C_WRITE       0x0801ac37    0x40  Code  Gb  NVP6158.o [1]
NVP6158_init            0x0801ac91   0x152  Code  Gb  NVP6158.o [1]
NotAck                  0x080133b5    0x10  Code  Gb  i2c.o [1]
ON_OFF_DSP              0x0800ca49    0x1c  Code  Gb  menu.o [1]
OSDItemID               0x20000dbc     0x2  Data  Lc  item.o [1]
OSDMenuID               0x20000dc0     0x2  Data  Lc  menu.o [1]
OSD_1920x1080P_param    0x080164c4     0xc  Data  Gb  VS4210.o [1]
OSD_CH0_param           0x080164dc     0x8  Data  Gb  VS4210.o [1]
OSD_CH1_param           0x080164e4     0x8  Data  Gb  VS4210.o [1]
OSD_CH2_param           0x080164ec     0x8  Data  Gb  VS4210.o [1]
OSD_CH3_param           0x080164f4     0x8  Data  Gb  VS4210.o [1]
OSD_Clear               0x08016065    0x7a  Code  Gb  VS4210.o [1]
OSD_Clear_All           0x080160e9    0x12  Code  Gb  VS4210.o [1]
OSD_ModifyPalette_M     0x08004deb    0x22  Code  Gb  osd.o [1]
OSD_No_Signal_param     0x080164d0     0xc  Data  Gb  VS4210.o [1]
OSD_Position_Dsp        0x0800d73d    0x5a  Code  Gb  menu.o [1]
OSD_SetFontGAC          0x08004ddd     0xe  Code  Gb  osd.o [1]
OSD_SetFontMAP          0x08004d93    0x38  Code  Gb  osd.o [1]
OSD_SetSprite_layer0    0x08004d3d    0x56  Code  Gb  osd.o [1]
OSD_Str_Freeze_autoseq_Erase
                        0x08010d6d    0x22  Code  Gb  osd_display.o [1]
OSD_Str_Loss_Erase      0x08010d0d    0x1c  Code  Gb  osd_display.o [1]
OSG_Display             0x08010df7    0x48  Code  Gb  osd_display.o [1]
OSG_Display_AUTO        0x08011825    0xd8  Code  Gb  osd_display.o [1]
OSG_Display_CH_name     0x08011665    0xbc  Code  Gb  osd_display.o [1]
OSG_Display_Freeze      0x08011721    0xd0  Code  Gb  osd_display.o [1]
OSG_Display_State       0x08011bfd    0x10  Code  Gb  osd_display.o [1]
OSG_Display_Time        0x08011d13    0x18  Code  Gb  osd_display.o [1]
OSG_Display_Time_Erase  0x08011d61    0x2c  Code  Gb  osd_display.o [1]
OSG_Display_Time_NOW    0x08011d2b     0xa  Code  Gb  osd_display.o [1]
OSG_Display_Video_Loss  0x0801193d   0x2ae  Code  Gb  osd_display.o [1]
Off_Check               0x0800d569    0x42  Code  Gb  menu.o [1]
OsdDumpAttribute        0x08016143    0x24  Code  Gb  VS4210.o [1]
OsdDumpString           0x0801611d    0x26  Code  Gb  VS4210.o [1]
Osd_Init_Erase          0x08010c31    0x48  Code  Gb  osd_display.o [1]
OutAuxFrmt              0x20000cd3     0x1  Data  Gb  video.o [1]
OutAuxMode              0x20000cd5     0x1  Data  Gb  video.o [1]
OutMainFrmt             0x20000ccb     0x1  Data  Gb  video.o [1]
OutMainMode             0x20000ccd     0x1  Data  Gb  video.o [1]
OutSize30fpsFlg         0x20000ddb     0x1  Data  Lc  VS4210.o [4]
PAGE1_TITLE             0x0800cde1    0xb6  Code  Gb  menu.o [1]
PAGE2_TITLE             0x0800d253    0xb4  Code  Gb  menu.o [1]
PAGE3_TITLE             0x0800d5b1    0x52  Code  Gb  menu.o [1]
PAGE4_TITLE             0x0800d80d    0x8e  Code  Gb  menu.o [1]
PAGE5_TITLE             0x0800db37    0x84  Code  Gb  menu.o [1]
PWR_BackupAccessCmd     0x0801378d     0x6  Code  Gb  stm32f10x_pwr.o [1]
PageID                  0x20000dd0     0x2  Data  Lc  mdini2c.o [1]
Page_Title              0x0800c8af    0x32  Code  Gb  menu.o [1]
PreMode0inputmode       0x20000dd9     0x1  Data  Wk  VS4210.o [4]
PreVXIS_FULLOuputModeflg
                        0x20000ddc     0x1  Data  Gb  VS4210.o [4]
PreVXIS_OuputSize       0x20000ddd     0x1  Data  Lc  VS4210.o [4]
Pre_PIP_mode            0x20000005     0x1  Data  Gb  main.o [1]
PrevAdcFrmt             0x20000cd7     0x1  Data  Gb  video.o [1]
PrevEncFrmt             0x20000cd9     0x1  Data  Gb  video.o [1]
PrevOutAuxFrmt          0x20000cd4     0x1  Data  Gb  video.o [1]
PrevOutAuxMode          0x20000cd6     0x1  Data  Gb  video.o [1]
PrevOutMainFrmt         0x20000ccc     0x1  Data  Gb  video.o [1]
PrevOutMainMode         0x20000cce     0x1  Data  Gb  video.o [1]
PrevSrcAuxFrmt          0x20000cd0     0x1  Data  Gb  video.o [1]
PrevSrcAuxMode          0x20000cd2     0x1  Data  Gb  video.o [1]
PrevSrcMainFrmt         0x20000cc8     0x1  Data  Gb  video.o [1]
PrevSrcMainMode         0x20000cca     0x1  Data  Gb  video.o [1]
Print_Char              0x0800c573    0x1e  Code  Gb  menu.o [1]
Print_OSD_Char          0x08010d8f    0x3a  Code  Gb  osd_display.o [1]
Print_OSD_Char_Time     0x08010dd3    0x1a  Code  Gb  osd_display.o [1]
Print_OSD_Str_Freeze_Autoseq
                        0x08010d3f    0x24  Code  Gb  osd_display.o [1]
Print_OSD_Str_Loss      0x08010cbb    0x16  Code  Gb  osd_display.o [1]
Print_Str               0x0800c54d    0x26  Code  Gb  menu.o [1]
RCC_APB1PeriphClockCmd  0x0801372f    0x12  Code  Gb  stm32f10x_rcc.o [1]
RCC_BackupResetCmd      0x08013741     0x6  Code  Gb  stm32f10x_rcc.o [1]
RCC_GetClocksFreq       0x080136b9    0x76  Code  Gb  stm32f10x_rcc.o [1]
RCC_GetFlagStatus       0x08013747    0x22  Code  Gb  stm32f10x_rcc.o [1]
RCC_LSEConfig           0x08013697    0x16  Code  Gb  stm32f10x_rcc.o [1]
RCC_RTCCLKCmd           0x080136b3     0x6  Code  Gb  stm32f10x_rcc.o [1]
RCC_RTCCLKConfig        0x080136ad     0x6  Code  Gb  stm32f10x_rcc.o [1]
RTC_ClearITPendingBit   0x08013867     0x2  Code  Gb  stm32f10x_rtc.o [1]
RTC_Cnt_Calc            0x08012f85    0x6e  Code  Gb  Rtc.o [1]
RTC_Configuration       0x0801280d    0x6e  Code  Gb  MCU.o [1]
RTC_DateCon             0x0800cba3    0xbc  Code  Gb  menu.o [1]
RTC_GetCounter          0x080137f3     0xc  Code  Gb  stm32f10x_rtc.o [1]
RTC_GetITStatus         0x0801384f    0x18  Code  Gb  stm32f10x_rtc.o [1]
RTC_IRQHandler          0x0801a84f    0x20  Code  Gb  main.o [1]
RTC_ITConfig            0x080137e1    0x12  Code  Gb  stm32f10x_rtc.o [1]
RTC_SetCounter          0x080137ff    0x12  Code  Gb  stm32f10x_rtc.o [1]
RTC_SetPrescaler        0x08013811    0x14  Code  Gb  stm32f10x_rtc.o [1]
RTC_TimeCon             0x0800caf1    0x98  Code  Gb  menu.o [1]
RTC_WaitForLastTask     0x08013831     0xa  Code  Gb  stm32f10x_rtc.o [1]
RTC_WaitForSynchro      0x0801383b    0x14  Code  Gb  stm32f10x_rtc.o [1]
Region$$Table$$Base     0x0801b2ac           --   Gb  - Linker created -
Region$$Table$$Limit    0x0801b2d0           --   Gb  - Linker created -
Remocon_Dsp             0x0800da33    0x34  Code  Gb  menu.o [1]
Resolution_Dsp          0x0800d715    0x28  Code  Gb  menu.o [1]
SDRAM_I2CRead           0x0800e1e3    0x52  Code  Gb  mdini2c.o [1]
SDRAM_I2CWrite          0x0800e189    0x52  Code  Gb  mdini2c.o [1]
SetMenuDefaultStatus    0x0800c40f    0x78  Code  Gb  menu.o [1]
SetMenuStatus           0x0800c3bd    0x52  Code  Gb  menu.o [1]
SetOSDCombID            0x0800c365     0x2  Code  Gb  menu.o [1]
SetOSDItemID            0x0801a075     0xc  Code  Gb  item.o [1]
SetOSDMenuID            0x0800c351     0xc  Code  Gb  menu.o [1]
SetOSDMenuRefresh       0x08019c67    0x30  Code  Gb  video.o [1]
SetOsdPosition          0x08016175    0x64  Code  Gb  VS4210.o [1]
SetOsdSize              0x08015f91    0xd4  Code  Gb  VS4210.o [1]
SetOsdStartAddress      0x080160fb    0x22  Code  Gb  VS4210.o [1]
SetPAGE                 0x20000dd3     0x1  Data  Lc  mdinhtx.o [1]
SetSDIRXInVideoFine     0x08019c59     0xe  Code  Lc  video.o [1]
SetUP                   0x0800c647    0x26  Code  Gb  menu.o [1]
Set_border_line         0x08012aeb   0x26e  Code  Gb  demo.o [1]
SetupMenu               0x0800c781    0xc4  Code  Gb  menu.o [1]
Setup_Process           0x0800c8e1    0xd6  Code  Gb  menu.o [1]
SrcAuxFrmt              0x20000ccf     0x1  Data  Gb  video.o [1]
SrcAuxMode              0x20000cd1     0x1  Data  Gb  video.o [1]
SrcMainFrmt             0x20000cc7     0x1  Data  Gb  video.o [1]
SrcMainMode             0x20000cc9     0x1  Data  Gb  video.o [1]
SrcSyncInfo             0x20000cc6     0x1  Data  Gb  video.o [1]
Str_len                 0x08010e3f    0x1a  Code  Gb  osd_display.o [1]
SystemInit              0x0801b199    0xd8  Code  Gb  system_stm32f10x.o [1]
TIM2_IRQHandler         0x0801a771    0x28  Code  Gb  main.o [1]
TIME_LOC_Dsp            0x0800cd91    0x2e  Code  Gb  menu.o [1]
TempOutMainMode         0x20000cda     0x1  Data  Gb  video.o [1]
TimeCon                 0x08011c0d    0x46  Code  Gb  osd_display.o [1]
Time_Correct_Con        0x0800ca6d    0x74  Code  Gb  menu.o [1]
Time_Read               0x0801307d   0x15a  Code  Gb  Rtc.o [1]
USART3_IRQHandler       0x0801a799    0xb6  Code  Gb  main.o [1]
USART3_Init             0x08012729    0x6a  Code  Gb  MCU.o [1]
USART_ClearITPendingBit
                        0x080135f5     0xa  Code  Gb  stm32f10x_usart.o [1]
USART_ITConfig          0x080135bd    0x30  Code  Gb  stm32f10x_usart.o [1]
USART_Init              0x08013521    0x96  Code  Gb  stm32f10x_usart.o [1]
USART_ReceiveData       0x080135ed     0x8  Code  Gb  stm32f10x_usart.o [1]
VS4210_Addr_88param     0x08003e8c    0x58  Data  Gb  VS4210.o [1]
VS4210_Addr_param       0x08000130    0x1c  Data  Gb  VS4210.o [1]
VS4210_CloseWindowsX    0x08016819    0x50  Code  Gb  VS4210.o [4]
VS4210_FULL88init       0x08016cb9    0xe8  Code  Lc  VS4210.o [4]
VS4210_JointKind1       0x2000009c     0x8  Data  Gb  VS4210.o [1]
VS4210_Line_Clear       0x080164fd    0x24  Code  Gb  VS4210.o [4]
VS4210_Line_Draw        0x08016521   0x1e4  Code  Gb  VS4210.o [4]
VS4210_Mode0FastChange  0x080170c1    0xa2  Code  Lc  VS4210.o [4]
VS4210_OpenWindowsX     0x08016be5    0x60  Code  Gb  VS4210.o [4]
VS4210_SetHVLenght      0x08019915    0x8c  Code  Gb  VS4210.o [4]
VS4210_StartInit        0x08016705    0xc4  Code  Gb  VS4210.o [4]
VS4210_SwitchChannel    0x0801708d    0x34  Code  Gb  VS4210.o [4]
VS4210_channel0clear    0x08016c45    0x72  Code  Gb  VS4210.o [4]
VS4210_clearAllsignal   0x08017165    0x50  Code  Gb  VS4210.o [4]
VS4210_displayoff       0x080167f9    0x20  Code  Gb  VS4210.o [4]
VS4210_displayon        0x080167c9    0x1c  Code  Gb  VS4210.o [4]
VS4210_hdmi1024x768_1080P_mode0_w0_88param
                        0x08003ee4    0x58  Data  Gb  VS4210.o [1]
VS4210_hdmi1024x768_1080P_mode12_w0_param
                        0x080001bc    0x1c  Data  Gb  VS4210.o [1]
VS4210_hdmi1024x768_1080P_mode12_w1_param
                        0x080001d8    0x1c  Data  Gb  VS4210.o [1]
VS4210_hdmi1024x768_1080P_mode1_w0_param
                        0x0800014c    0x1c  Data  Gb  VS4210.o [1]
VS4210_hdmi1024x768_1080P_mode1_w1_param
                        0x08000168    0x1c  Data  Gb  VS4210.o [1]
VS4210_hdmi1024x768_1080P_mode1_w2_param
                        0x08000184    0x1c  Data  Gb  VS4210.o [1]
VS4210_hdmi1024x768_1080P_mode1_w3_param
                        0x080001a0    0x1c  Data  Gb  VS4210.o [1]
VS4210_hdmi1024x768_1080P_mode2_w0_param
                        0x080001f4    0x1c  Data  Gb  VS4210.o [1]
VS4210_hdmi1024x768_1080P_mode2_w1_param
                        0x08000210    0x1c  Data  Gb  VS4210.o [1]
VS4210_hdmi1024x768_1080P_mode2_w2_param
                        0x0800022c    0x1c  Data  Gb  VS4210.o [1]
VS4210_hdmi1024x768_1080P_mode2_w3_param
                        0x08000248    0x1c  Data  Gb  VS4210.o [1]
VS4210_hdmi1024x768_1080P_mode6_w0_param
                        0x08000264    0x1c  Data  Gb  VS4210.o [1]
VS4210_hdmi1024x768_1080P_mode6_w1_param
                        0x08000280    0x1c  Data  Gb  VS4210.o [1]
VS4210_hdmi1024x768_1080P_mode6_w2_param
                        0x0800029c    0x1c  Data  Gb  VS4210.o [1]
VS4210_hdmi1024x768_1080P_mode6_w3_param
                        0x080002b8    0x1c  Data  Gb  VS4210.o [1]
VS4210_hdmi1024x768_720P_mode0_w0_88param
                        0x08003f3c    0x58  Data  Gb  VS4210.o [1]
VS4210_hdmi1024x768_720P_mode12_w0_param
                        0x08000344    0x1c  Data  Gb  VS4210.o [1]
VS4210_hdmi1024x768_720P_mode12_w1_param
                        0x08000360    0x1c  Data  Gb  VS4210.o [1]
VS4210_hdmi1024x768_720P_mode1_w0_param
                        0x080002d4    0x1c  Data  Gb  VS4210.o [1]
VS4210_hdmi1024x768_720P_mode1_w1_param
                        0x080002f0    0x1c  Data  Gb  VS4210.o [1]
VS4210_hdmi1024x768_720P_mode1_w2_param
                        0x0800030c    0x1c  Data  Gb  VS4210.o [1]
VS4210_hdmi1024x768_720P_mode1_w3_param
                        0x08000328    0x1c  Data  Gb  VS4210.o [1]
VS4210_hdmi1024x768_720P_mode2_w0_param
                        0x0800037c    0x1c  Data  Gb  VS4210.o [1]
VS4210_hdmi1024x768_720P_mode2_w1_param
                        0x08000398    0x1c  Data  Gb  VS4210.o [1]
VS4210_hdmi1024x768_720P_mode2_w2_param
                        0x080003b4    0x1c  Data  Gb  VS4210.o [1]
VS4210_hdmi1024x768_720P_mode2_w3_param
                        0x080003d0    0x1c  Data  Gb  VS4210.o [1]
VS4210_hdmi1024x768_720P_mode6_w0_param
                        0x080003ec    0x1c  Data  Gb  VS4210.o [1]
VS4210_hdmi1024x768_720P_mode6_w1_param
                        0x08000408    0x1c  Data  Gb  VS4210.o [1]
VS4210_hdmi1024x768_720P_mode6_w2_param
                        0x08000424    0x1c  Data  Gb  VS4210.o [1]
VS4210_hdmi1024x768_720P_mode6_w3_param
                        0x08000440    0x1c  Data  Gb  VS4210.o [1]
VS4210_hdmi1080P_1080P_mode0_w0_88param
                        0x08004044    0x58  Data  Gb  VS4210.o [1]
VS4210_hdmi1080P_1080P_mode12_w0_param
                        0x080007dc    0x1c  Data  Gb  VS4210.o [1]
VS4210_hdmi1080P_1080P_mode12_w1_param
                        0x080007f8    0x1c  Data  Gb  VS4210.o [1]
VS4210_hdmi1080P_1080P_mode1_w0_param
                        0x0800076c    0x1c  Data  Gb  VS4210.o [1]
VS4210_hdmi1080P_1080P_mode1_w1_param
                        0x08000788    0x1c  Data  Gb  VS4210.o [1]
VS4210_hdmi1080P_1080P_mode1_w2_param
                        0x080007a4    0x1c  Data  Gb  VS4210.o [1]
VS4210_hdmi1080P_1080P_mode1_w3_param
                        0x080007c0    0x1c  Data  Gb  VS4210.o [1]
VS4210_hdmi1080P_1080P_mode2_w0_param
                        0x08000814    0x1c  Data  Gb  VS4210.o [1]
VS4210_hdmi1080P_1080P_mode2_w1_param
                        0x08000830    0x1c  Data  Gb  VS4210.o [1]
VS4210_hdmi1080P_1080P_mode2_w2_param
                        0x0800084c    0x1c  Data  Gb  VS4210.o [1]
VS4210_hdmi1080P_1080P_mode2_w3_param
                        0x08000868    0x1c  Data  Gb  VS4210.o [1]
VS4210_hdmi1080P_1080P_mode6_w0_param
                        0x08000884    0x1c  Data  Gb  VS4210.o [1]
VS4210_hdmi1080P_1080P_mode6_w1_param
                        0x080008a0    0x1c  Data  Gb  VS4210.o [1]
VS4210_hdmi1080P_1080P_mode6_w2_param
                        0x080008bc    0x1c  Data  Gb  VS4210.o [1]
VS4210_hdmi1080P_1080P_mode6_w3_param
                        0x080008d8    0x1c  Data  Gb  VS4210.o [1]
VS4210_hdmi1080P_720P_mode0_w0_88param
                        0x0800409c    0x58  Data  Gb  VS4210.o [1]
VS4210_hdmi1080P_720P_mode12_w0_param
                        0x08000964    0x1c  Data  Gb  VS4210.o [1]
VS4210_hdmi1080P_720P_mode12_w1_param
                        0x08000980    0x1c  Data  Gb  VS4210.o [1]
VS4210_hdmi1080P_720P_mode1_w0_param
                        0x080008f4    0x1c  Data  Gb  VS4210.o [1]
VS4210_hdmi1080P_720P_mode1_w1_param
                        0x08000910    0x1c  Data  Gb  VS4210.o [1]
VS4210_hdmi1080P_720P_mode1_w2_param
                        0x0800092c    0x1c  Data  Gb  VS4210.o [1]
VS4210_hdmi1080P_720P_mode1_w3_param
                        0x08000948    0x1c  Data  Gb  VS4210.o [1]
VS4210_hdmi1080P_720P_mode2_w0_param
                        0x0800099c    0x1c  Data  Gb  VS4210.o [1]
VS4210_hdmi1080P_720P_mode2_w1_param
                        0x080009b8    0x1c  Data  Gb  VS4210.o [1]
VS4210_hdmi1080P_720P_mode2_w2_param
                        0x080009d4    0x1c  Data  Gb  VS4210.o [1]
VS4210_hdmi1080P_720P_mode2_w3_param
                        0x080009f0    0x1c  Data  Gb  VS4210.o [1]
VS4210_hdmi1080P_720P_mode6_w0_param
                        0x08000a0c    0x1c  Data  Gb  VS4210.o [1]
VS4210_hdmi1080P_720P_mode6_w1_param
                        0x08000a28    0x1c  Data  Gb  VS4210.o [1]
VS4210_hdmi1080P_720P_mode6_w2_param
                        0x08000a44    0x1c  Data  Gb  VS4210.o [1]
VS4210_hdmi1080P_720P_mode6_w3_param
                        0x08000a60    0x1c  Data  Gb  VS4210.o [1]
VS4210_hdmi1080i_1080P_mode0_w0_88param
                        0x08003f94    0x58  Data  Gb  VS4210.o [1]
VS4210_hdmi1080i_1080P_mode12_w0_param
                        0x080004cc    0x1c  Data  Gb  VS4210.o [1]
VS4210_hdmi1080i_1080P_mode12_w1_param
                        0x080004e8    0x1c  Data  Gb  VS4210.o [1]
VS4210_hdmi1080i_1080P_mode1_w0_param
                        0x0800045c    0x1c  Data  Gb  VS4210.o [1]
VS4210_hdmi1080i_1080P_mode1_w1_param
                        0x08000478    0x1c  Data  Gb  VS4210.o [1]
VS4210_hdmi1080i_1080P_mode1_w2_param
                        0x08000494    0x1c  Data  Gb  VS4210.o [1]
VS4210_hdmi1080i_1080P_mode1_w3_param
                        0x080004b0    0x1c  Data  Gb  VS4210.o [1]
VS4210_hdmi1080i_1080P_mode2_w0_param
                        0x08000504    0x1c  Data  Gb  VS4210.o [1]
VS4210_hdmi1080i_1080P_mode2_w1_param
                        0x08000520    0x1c  Data  Gb  VS4210.o [1]
VS4210_hdmi1080i_1080P_mode2_w2_param
                        0x0800053c    0x1c  Data  Gb  VS4210.o [1]
VS4210_hdmi1080i_1080P_mode2_w3_param
                        0x08000558    0x1c  Data  Gb  VS4210.o [1]
VS4210_hdmi1080i_1080P_mode6_w0_param
                        0x08000574    0x1c  Data  Gb  VS4210.o [1]
VS4210_hdmi1080i_1080P_mode6_w1_param
                        0x08000590    0x1c  Data  Gb  VS4210.o [1]
VS4210_hdmi1080i_1080P_mode6_w2_param
                        0x080005ac    0x1c  Data  Gb  VS4210.o [1]
VS4210_hdmi1080i_1080P_mode6_w3_param
                        0x080005c8    0x1c  Data  Gb  VS4210.o [1]
VS4210_hdmi1080i_720P_mode0_w0_88param
                        0x08003fec    0x58  Data  Gb  VS4210.o [1]
VS4210_hdmi1080i_720P_mode12_w0_param
                        0x08000654    0x1c  Data  Gb  VS4210.o [1]
VS4210_hdmi1080i_720P_mode12_w1_param
                        0x08000670    0x1c  Data  Gb  VS4210.o [1]
VS4210_hdmi1080i_720P_mode1_w0_param
                        0x080005e4    0x1c  Data  Gb  VS4210.o [1]
VS4210_hdmi1080i_720P_mode1_w1_param
                        0x08000600    0x1c  Data  Gb  VS4210.o [1]
VS4210_hdmi1080i_720P_mode1_w2_param
                        0x0800061c    0x1c  Data  Gb  VS4210.o [1]
VS4210_hdmi1080i_720P_mode1_w3_param
                        0x08000638    0x1c  Data  Gb  VS4210.o [1]
VS4210_hdmi1080i_720P_mode2_w0_param
                        0x0800068c    0x1c  Data  Gb  VS4210.o [1]
VS4210_hdmi1080i_720P_mode2_w1_param
                        0x080006a8    0x1c  Data  Gb  VS4210.o [1]
VS4210_hdmi1080i_720P_mode2_w2_param
                        0x080006c4    0x1c  Data  Gb  VS4210.o [1]
VS4210_hdmi1080i_720P_mode2_w3_param
                        0x080006e0    0x1c  Data  Gb  VS4210.o [1]
VS4210_hdmi1080i_720P_mode6_w0_param
                        0x080006fc    0x1c  Data  Gb  VS4210.o [1]
VS4210_hdmi1080i_720P_mode6_w1_param
                        0x08000718    0x1c  Data  Gb  VS4210.o [1]
VS4210_hdmi1080i_720P_mode6_w2_param
                        0x08000734    0x1c  Data  Gb  VS4210.o [1]
VS4210_hdmi1080i_720P_mode6_w3_param
                        0x08000750    0x1c  Data  Gb  VS4210.o [1]
VS4210_hdmi1280x1024_1080P_mode0_w0_88param
                        0x080040f4    0x58  Data  Gb  VS4210.o [1]
VS4210_hdmi1280x1024_1080P_mode12_w0_param
                        0x08000aec    0x1c  Data  Gb  VS4210.o [1]
VS4210_hdmi1280x1024_1080P_mode12_w1_param
                        0x08000b08    0x1c  Data  Gb  VS4210.o [1]
VS4210_hdmi1280x1024_1080P_mode1_w0_param
                        0x08000a7c    0x1c  Data  Gb  VS4210.o [1]
VS4210_hdmi1280x1024_1080P_mode1_w1_param
                        0x08000a98    0x1c  Data  Gb  VS4210.o [1]
VS4210_hdmi1280x1024_1080P_mode1_w2_param
                        0x08000ab4    0x1c  Data  Gb  VS4210.o [1]
VS4210_hdmi1280x1024_1080P_mode1_w3_param
                        0x08000ad0    0x1c  Data  Gb  VS4210.o [1]
VS4210_hdmi1280x1024_1080P_mode2_w0_param
                        0x08000b24    0x1c  Data  Gb  VS4210.o [1]
VS4210_hdmi1280x1024_1080P_mode2_w1_param
                        0x08000b40    0x1c  Data  Gb  VS4210.o [1]
VS4210_hdmi1280x1024_1080P_mode2_w2_param
                        0x08000b5c    0x1c  Data  Gb  VS4210.o [1]
VS4210_hdmi1280x1024_1080P_mode2_w3_param
                        0x08000b78    0x1c  Data  Gb  VS4210.o [1]
VS4210_hdmi1280x1024_1080P_mode6_w0_param
                        0x08000b94    0x1c  Data  Gb  VS4210.o [1]
VS4210_hdmi1280x1024_1080P_mode6_w1_param
                        0x08000bb0    0x1c  Data  Gb  VS4210.o [1]
VS4210_hdmi1280x1024_1080P_mode6_w2_param
                        0x08000bcc    0x1c  Data  Gb  VS4210.o [1]
VS4210_hdmi1280x1024_1080P_mode6_w3_param
                        0x08000be8    0x1c  Data  Gb  VS4210.o [1]
VS4210_hdmi1280x1024_720P_mode0_w0_88param
                        0x0800414c    0x58  Data  Gb  VS4210.o [1]
VS4210_hdmi1280x1024_720P_mode12_w0_param
                        0x08000c74    0x1c  Data  Gb  VS4210.o [1]
VS4210_hdmi1280x1024_720P_mode12_w1_param
                        0x08000c90    0x1c  Data  Gb  VS4210.o [1]
VS4210_hdmi1280x1024_720P_mode1_w0_param
                        0x08000c04    0x1c  Data  Gb  VS4210.o [1]
VS4210_hdmi1280x1024_720P_mode1_w1_param
                        0x08000c20    0x1c  Data  Gb  VS4210.o [1]
VS4210_hdmi1280x1024_720P_mode1_w2_param
                        0x08000c3c    0x1c  Data  Gb  VS4210.o [1]
VS4210_hdmi1280x1024_720P_mode1_w3_param
                        0x08000c58    0x1c  Data  Gb  VS4210.o [1]
VS4210_hdmi1280x1024_720P_mode2_w0_param
                        0x08000cac    0x1c  Data  Gb  VS4210.o [1]
VS4210_hdmi1280x1024_720P_mode2_w1_param
                        0x08000cc8    0x1c  Data  Gb  VS4210.o [1]
VS4210_hdmi1280x1024_720P_mode2_w2_param
                        0x08000ce4    0x1c  Data  Gb  VS4210.o [1]
VS4210_hdmi1280x1024_720P_mode2_w3_param
                        0x08000d00    0x1c  Data  Gb  VS4210.o [1]
VS4210_hdmi1280x1024_720P_mode6_w0_param
                        0x08000d1c    0x1c  Data  Gb  VS4210.o [1]
VS4210_hdmi1280x1024_720P_mode6_w1_param
                        0x08000d38    0x1c  Data  Gb  VS4210.o [1]
VS4210_hdmi1280x1024_720P_mode6_w2_param
                        0x08000d54    0x1c  Data  Gb  VS4210.o [1]
VS4210_hdmi1280x1024_720P_mode6_w3_param
                        0x08000d70    0x1c  Data  Gb  VS4210.o [1]
VS4210_hdmi1280x768_1080P_mode0_w0_88param
                        0x080041a4    0x58  Data  Gb  VS4210.o [1]
VS4210_hdmi1280x768_1080P_mode12_w0_param
                        0x08000dfc    0x1c  Data  Gb  VS4210.o [1]
VS4210_hdmi1280x768_1080P_mode12_w1_param
                        0x08000e18    0x1c  Data  Gb  VS4210.o [1]
VS4210_hdmi1280x768_1080P_mode1_w0_param
                        0x08000d8c    0x1c  Data  Gb  VS4210.o [1]
VS4210_hdmi1280x768_1080P_mode1_w1_param
                        0x08000da8    0x1c  Data  Gb  VS4210.o [1]
VS4210_hdmi1280x768_1080P_mode1_w2_param
                        0x08000dc4    0x1c  Data  Gb  VS4210.o [1]
VS4210_hdmi1280x768_1080P_mode1_w3_param
                        0x08000de0    0x1c  Data  Gb  VS4210.o [1]
VS4210_hdmi1280x768_1080P_mode2_w0_param
                        0x08000e34    0x1c  Data  Gb  VS4210.o [1]
VS4210_hdmi1280x768_1080P_mode2_w1_param
                        0x08000e50    0x1c  Data  Gb  VS4210.o [1]
VS4210_hdmi1280x768_1080P_mode2_w2_param
                        0x08000e6c    0x1c  Data  Gb  VS4210.o [1]
VS4210_hdmi1280x768_1080P_mode2_w3_param
                        0x08000e88    0x1c  Data  Gb  VS4210.o [1]
VS4210_hdmi1280x768_1080P_mode6_w0_param
                        0x08000ea4    0x1c  Data  Gb  VS4210.o [1]
VS4210_hdmi1280x768_1080P_mode6_w1_param
                        0x08000ec0    0x1c  Data  Gb  VS4210.o [1]
VS4210_hdmi1280x768_1080P_mode6_w2_param
                        0x08000edc    0x1c  Data  Gb  VS4210.o [1]
VS4210_hdmi1280x768_1080P_mode6_w3_param
                        0x08000ef8    0x1c  Data  Gb  VS4210.o [1]
VS4210_hdmi1280x768_720P_mode0_w0_88param
                        0x080041fc    0x58  Data  Gb  VS4210.o [1]
VS4210_hdmi1280x768_720P_mode12_w0_param
                        0x08000f84    0x1c  Data  Gb  VS4210.o [1]
VS4210_hdmi1280x768_720P_mode12_w1_param
                        0x08000fa0    0x1c  Data  Gb  VS4210.o [1]
VS4210_hdmi1280x768_720P_mode1_w0_param
                        0x08000f14    0x1c  Data  Gb  VS4210.o [1]
VS4210_hdmi1280x768_720P_mode1_w1_param
                        0x08000f30    0x1c  Data  Gb  VS4210.o [1]
VS4210_hdmi1280x768_720P_mode1_w2_param
                        0x08000f4c    0x1c  Data  Gb  VS4210.o [1]
VS4210_hdmi1280x768_720P_mode1_w3_param
                        0x08000f68    0x1c  Data  Gb  VS4210.o [1]
VS4210_hdmi1280x768_720P_mode2_w0_param
                        0x08000fbc    0x1c  Data  Gb  VS4210.o [1]
VS4210_hdmi1280x768_720P_mode2_w1_param
                        0x08000fd8    0x1c  Data  Gb  VS4210.o [1]
VS4210_hdmi1280x768_720P_mode2_w2_param
                        0x08000ff4    0x1c  Data  Gb  VS4210.o [1]
VS4210_hdmi1280x768_720P_mode2_w3_param
                        0x08001010    0x1c  Data  Gb  VS4210.o [1]
VS4210_hdmi1280x768_720P_mode6_w0_param
                        0x0800102c    0x1c  Data  Gb  VS4210.o [1]
VS4210_hdmi1280x768_720P_mode6_w1_param
                        0x08001048    0x1c  Data  Gb  VS4210.o [1]
VS4210_hdmi1280x768_720P_mode6_w2_param
                        0x08001064    0x1c  Data  Gb  VS4210.o [1]
VS4210_hdmi1280x768_720P_mode6_w3_param
                        0x08001080    0x1c  Data  Gb  VS4210.o [1]
VS4210_hdmi1280x800_1080P_mode0_w0_88param
                        0x08004254    0x58  Data  Gb  VS4210.o [1]
VS4210_hdmi1280x800_1080P_mode12_w0_param
                        0x0800110c    0x1c  Data  Gb  VS4210.o [1]
VS4210_hdmi1280x800_1080P_mode12_w1_param
                        0x08001128    0x1c  Data  Gb  VS4210.o [1]
VS4210_hdmi1280x800_1080P_mode1_w0_param
                        0x0800109c    0x1c  Data  Gb  VS4210.o [1]
VS4210_hdmi1280x800_1080P_mode1_w1_param
                        0x080010b8    0x1c  Data  Gb  VS4210.o [1]
VS4210_hdmi1280x800_1080P_mode1_w2_param
                        0x080010d4    0x1c  Data  Gb  VS4210.o [1]
VS4210_hdmi1280x800_1080P_mode1_w3_param
                        0x080010f0    0x1c  Data  Gb  VS4210.o [1]
VS4210_hdmi1280x800_1080P_mode2_w0_param
                        0x08001144    0x1c  Data  Gb  VS4210.o [1]
VS4210_hdmi1280x800_1080P_mode2_w1_param
                        0x08001160    0x1c  Data  Gb  VS4210.o [1]
VS4210_hdmi1280x800_1080P_mode2_w2_param
                        0x0800117c    0x1c  Data  Gb  VS4210.o [1]
VS4210_hdmi1280x800_1080P_mode2_w3_param
                        0x08001198    0x1c  Data  Gb  VS4210.o [1]
VS4210_hdmi1280x800_1080P_mode6_w0_param
                        0x080011b4    0x1c  Data  Gb  VS4210.o [1]
VS4210_hdmi1280x800_1080P_mode6_w1_param
                        0x080011d0    0x1c  Data  Gb  VS4210.o [1]
VS4210_hdmi1280x800_1080P_mode6_w2_param
                        0x080011ec    0x1c  Data  Gb  VS4210.o [1]
VS4210_hdmi1280x800_1080P_mode6_w3_param
                        0x08001208    0x1c  Data  Gb  VS4210.o [1]
VS4210_hdmi1280x800_720P_mode0_w0_88param
                        0x080042ac    0x58  Data  Gb  VS4210.o [1]
VS4210_hdmi1280x800_720P_mode12_w0_param
                        0x08001294    0x1c  Data  Gb  VS4210.o [1]
VS4210_hdmi1280x800_720P_mode12_w1_param
                        0x080012b0    0x1c  Data  Gb  VS4210.o [1]
VS4210_hdmi1280x800_720P_mode1_w0_param
                        0x08001224    0x1c  Data  Gb  VS4210.o [1]
VS4210_hdmi1280x800_720P_mode1_w1_param
                        0x08001240    0x1c  Data  Gb  VS4210.o [1]
VS4210_hdmi1280x800_720P_mode1_w2_param
                        0x0800125c    0x1c  Data  Gb  VS4210.o [1]
VS4210_hdmi1280x800_720P_mode1_w3_param
                        0x08001278    0x1c  Data  Gb  VS4210.o [1]
VS4210_hdmi1280x800_720P_mode2_w0_param
                        0x080012cc    0x1c  Data  Gb  VS4210.o [1]
VS4210_hdmi1280x800_720P_mode2_w1_param
                        0x080012e8    0x1c  Data  Gb  VS4210.o [1]
VS4210_hdmi1280x800_720P_mode2_w2_param
                        0x08001304    0x1c  Data  Gb  VS4210.o [1]
VS4210_hdmi1280x800_720P_mode2_w3_param
                        0x08001320    0x1c  Data  Gb  VS4210.o [1]
VS4210_hdmi1280x800_720P_mode6_w0_param
                        0x0800133c    0x1c  Data  Gb  VS4210.o [1]
VS4210_hdmi1280x800_720P_mode6_w1_param
                        0x08001358    0x1c  Data  Gb  VS4210.o [1]
VS4210_hdmi1280x800_720P_mode6_w2_param
                        0x08001374    0x1c  Data  Gb  VS4210.o [1]
VS4210_hdmi1280x800_720P_mode6_w3_param
                        0x08001390    0x1c  Data  Gb  VS4210.o [1]
VS4210_hdmi1360x768_1080P_mode0_w0_88param
                        0x08004304    0x58  Data  Gb  VS4210.o [1]
VS4210_hdmi1360x768_1080P_mode12_w0_param
                        0x0800141c    0x1c  Data  Gb  VS4210.o [1]
VS4210_hdmi1360x768_1080P_mode12_w1_param
                        0x08001438    0x1c  Data  Gb  VS4210.o [1]
VS4210_hdmi1360x768_1080P_mode1_w0_param
                        0x080013ac    0x1c  Data  Gb  VS4210.o [1]
VS4210_hdmi1360x768_1080P_mode1_w1_param
                        0x080013c8    0x1c  Data  Gb  VS4210.o [1]
VS4210_hdmi1360x768_1080P_mode1_w2_param
                        0x080013e4    0x1c  Data  Gb  VS4210.o [1]
VS4210_hdmi1360x768_1080P_mode1_w3_param
                        0x08001400    0x1c  Data  Gb  VS4210.o [1]
VS4210_hdmi1360x768_1080P_mode2_w0_param
                        0x08001454    0x1c  Data  Gb  VS4210.o [1]
VS4210_hdmi1360x768_1080P_mode2_w1_param
                        0x08001470    0x1c  Data  Gb  VS4210.o [1]
VS4210_hdmi1360x768_1080P_mode2_w2_param
                        0x0800148c    0x1c  Data  Gb  VS4210.o [1]
VS4210_hdmi1360x768_1080P_mode2_w3_param
                        0x080014a8    0x1c  Data  Gb  VS4210.o [1]
VS4210_hdmi1360x768_1080P_mode6_w0_param
                        0x080014c4    0x1c  Data  Gb  VS4210.o [1]
VS4210_hdmi1360x768_1080P_mode6_w1_param
                        0x080014e0    0x1c  Data  Gb  VS4210.o [1]
VS4210_hdmi1360x768_1080P_mode6_w2_param
                        0x080014fc    0x1c  Data  Gb  VS4210.o [1]
VS4210_hdmi1360x768_1080P_mode6_w3_param
                        0x08001518    0x1c  Data  Gb  VS4210.o [1]
VS4210_hdmi1360x768_720P_mode0_w0_88param
                        0x0800435c    0x58  Data  Gb  VS4210.o [1]
VS4210_hdmi1360x768_720P_mode12_w0_param
                        0x080015a4    0x1c  Data  Gb  VS4210.o [1]
VS4210_hdmi1360x768_720P_mode12_w1_param
                        0x080015c0    0x1c  Data  Gb  VS4210.o [1]
VS4210_hdmi1360x768_720P_mode1_w0_param
                        0x08001534    0x1c  Data  Gb  VS4210.o [1]
VS4210_hdmi1360x768_720P_mode1_w1_param
                        0x08001550    0x1c  Data  Gb  VS4210.o [1]
VS4210_hdmi1360x768_720P_mode1_w2_param
                        0x0800156c    0x1c  Data  Gb  VS4210.o [1]
VS4210_hdmi1360x768_720P_mode1_w3_param
                        0x08001588    0x1c  Data  Gb  VS4210.o [1]
VS4210_hdmi1360x768_720P_mode2_w0_param
                        0x080015dc    0x1c  Data  Gb  VS4210.o [1]
VS4210_hdmi1360x768_720P_mode2_w1_param
                        0x080015f8    0x1c  Data  Gb  VS4210.o [1]
VS4210_hdmi1360x768_720P_mode2_w2_param
                        0x08001614    0x1c  Data  Gb  VS4210.o [1]
VS4210_hdmi1360x768_720P_mode2_w3_param
                        0x08001630    0x1c  Data  Gb  VS4210.o [1]
VS4210_hdmi1360x768_720P_mode6_w0_param
                        0x0800164c    0x1c  Data  Gb  VS4210.o [1]
VS4210_hdmi1360x768_720P_mode6_w1_param
                        0x08001668    0x1c  Data  Gb  VS4210.o [1]
VS4210_hdmi1360x768_720P_mode6_w2_param
                        0x08001684    0x1c  Data  Gb  VS4210.o [1]
VS4210_hdmi1360x768_720P_mode6_w3_param
                        0x080016a0    0x1c  Data  Gb  VS4210.o [1]
VS4210_hdmi1366x768_1080P_mode0_w0_88param
                        0x080043b4    0x58  Data  Gb  VS4210.o [1]
VS4210_hdmi1366x768_1080P_mode12_w0_param
                        0x0800172c    0x1c  Data  Gb  VS4210.o [1]
VS4210_hdmi1366x768_1080P_mode12_w1_param
                        0x08001748    0x1c  Data  Gb  VS4210.o [1]
VS4210_hdmi1366x768_1080P_mode1_w0_param
                        0x080016bc    0x1c  Data  Gb  VS4210.o [1]
VS4210_hdmi1366x768_1080P_mode1_w1_param
                        0x080016d8    0x1c  Data  Gb  VS4210.o [1]
VS4210_hdmi1366x768_1080P_mode1_w2_param
                        0x080016f4    0x1c  Data  Gb  VS4210.o [1]
VS4210_hdmi1366x768_1080P_mode1_w3_param
                        0x08001710    0x1c  Data  Gb  VS4210.o [1]
VS4210_hdmi1366x768_1080P_mode2_w0_param
                        0x08001764    0x1c  Data  Gb  VS4210.o [1]
VS4210_hdmi1366x768_1080P_mode2_w1_param
                        0x08001780    0x1c  Data  Gb  VS4210.o [1]
VS4210_hdmi1366x768_1080P_mode2_w2_param
[...]
__iar_Memset            0x08010b55          Code  Gb  ABImemset.o [6]
__iar_Memset4_word      0x08010bfd          Code  Gb  ABImemset48.o [6]
__iar_Memset8_word      0x08010bfd          Code  Gb  ABImemset48.o [6]
__iar_Memset_word       0x08010b5d          Code  Gb  ABImemset.o [6]
__iar_copy_init3        0x0800c15b    0x2e  Code  Gb  copy_init3.o [6]
__iar_data_init3        0x0801b285    0x28  Code  Gb  data_init.o [6]
__iar_program_start     0x0801b321          Code  Gb  cstartup_M.o [6]
__iar_unaligned___aeabi_memcpy
                        0x0800e499          Code  Gb  ABImemcpy_unaligned.o [6]
__iar_unaligned___aeabi_memcpy4
                        0x0800e4b9          Code  Gb  ABImemcpy_unaligned.o [6]
__iar_unaligned___aeabi_memcpy8
                        0x0800e4b9          Code  Gb  ABImemcpy_unaligned.o [6]
__iar_zero_init3        0x0800e50f    0x22  Code  Gb  zero_init3.o [6]
__vector_table          0x08000000          Data  Gb  startup_stm32f10x_hd.o [1]
_call_main              0x0801b2dd          Code  Gb  cmain.o [6]
_exit                   0x0801b2f1          Code  Gb  cexit.o [6]
_main                   0x0801b2e7          Code  Gb  cmain.o [6]
_video_input_auto_detect_vafe_set
                        0x0801ae77    0xbe  Code  Gb  raptor3_drv.o [1]
aLineMode1080PMode12Lin1
                        0x08004d2c     0x8  Data  Gb  VS4210.o [1]
aLineMode1080PMode1Lin1
                        0x08004cac     0x8  Data  Gb  VS4210.o [1]
aLineMode1080PMode1Lin2
                        0x08004cb4     0x8  Data  Gb  VS4210.o [1]
aLineMode1080PMode2Lin1
                        0x08004cbc     0x8  Data  Gb  VS4210.o [1]
aLineMode1080PMode2Lin2
                        0x08004cc4     0x8  Data  Gb  VS4210.o [1]
aLineMode1080PMode2Lin3
                        0x08004ccc     0x8  Data  Gb  VS4210.o [1]
aLineMode1080PMode6Lin1
                        0x08004cd4     0x8  Data  Gb  VS4210.o [1]
aLineMode1080PMode6Lin2
                        0x08004cdc     0x8  Data  Gb  VS4210.o [1]
aLineMode1080PMode6Lin3
                        0x08004ce4     0x8  Data  Gb  VS4210.o [1]
aLineMode720PMode12Lin1
                        0x08004d34     0x8  Data  Gb  VS4210.o [1]
aLineMode720PMode1Lin1  0x08004cec     0x8  Data  Gb  VS4210.o [1]
aLineMode720PMode1Lin2  0x08004cf4     0x8  Data  Gb  VS4210.o [1]
aLineMode720PMode2Lin1  0x08004cfc     0x8  Data  Gb  VS4210.o [1]
aLineMode720PMode2Lin2  0x08004d04     0x8  Data  Gb  VS4210.o [1]
aLineMode720PMode2Lin3  0x08004d0c     0x8  Data  Gb  VS4210.o [1]
aLineMode720PMode6Lin1  0x08004d14     0x8  Data  Gb  VS4210.o [1]
aLineMode720PMode6Lin2  0x08004d1c     0x8  Data  Gb  VS4210.o [1]
aLineMode720PMode6Lin3  0x08004d24     0x8  Data  Gb  VS4210.o [1]
aLineModeReg            0x08004ca4     0x8  Data  Gb  VS4210.o [1]
aux_display_flag        0x20000007     0x1  Data  Gb  main.o [1]
bAuto_Seq_Flag          0x200000b0     0x1  Data  Gb  sequence.o [1]
bENTER                  0x20000d90     0x1  Data  Gb  menu.o [1]
bFreeze                 0x2000004c     0x1  Data  Gb  key.o [1]
bMode_change_flag       0x20000dd6     0x1  Data  Gb  osd_display.o [1]
bSETUP                  0x20000d91     0x1  Data  Gb  menu.o [1]
bSETUP_Change_flag      0x20000d8c     0x1  Data  Gb  menu.o [1]
bSignal                 0x20000dc4     0x4  Data  Gb  VS4210.o [1]
c1920X1080_50P          0x0800dd84    0x10  Data  Gb  menu.o [1]
c1920X1080_60P          0x0800dd74    0x10  Data  Gb  menu.o [1]
c20_1                   0x0800cc6c     0x4  Data  Gb  menu.o [1]
c9SPLIT_6MODE1          0x0800ddec     0xc  Data  Gb  menu.o [1]
c9SPLIT_6MODE2          0x0800ddf8     0xc  Data  Gb  menu.o [1]
c9SPLIT_6MODE3          0x0800de04     0xc  Data  Gb  menu.o [1]
c9SPLIT_6MODE4          0x0800de10     0xc  Data  Gb  menu.o [1]
c9SPLIT_8MODE1          0x0800ddbc     0xc  Data  Gb  menu.o [1]
c9SPLIT_8MODE2          0x0800ddc8     0xc  Data  Gb  menu.o [1]
c9SPLIT_8MODE3          0x0800ddd4     0xc  Data  Gb  menu.o [1]
c9SPLIT_8MODE4          0x0800dde0     0xc  Data  Gb  menu.o [1]
c9SPLIT_9MODE           0x0800ddb0     0xc  Data  Gb  menu.o [1]
cASIA                   0x0800cd3c     0x8  Data  Gb  menu.o [1]
cAUTO_SEQUENCE          0x0800c870    0x14  Data  Gb  menu.o [1]
cAUTO_SEQUENCE3         0x0800dd3c    0x14  Data  Gb  menu.o [1]
cBAUDRATE_ID7           0x0800dedc    0x10  Data  Gb  menu.o [1]
cBORDER_LINE_4          0x0800de60    0x14  Data  Gb  menu.o [1]
cCAMERA_TITLE           0x0800c864     0xc  Data  Gb  menu.o [1]
cCAMERA_TITLE2          0x0800dccc     0xc  Data  Gb  menu.o [1]
cCH01_2                 0x0800dcd8    0x10  Data  Gb  menu.o [1]
cCH02_2                 0x0800dce8    0x10  Data  Gb  menu.o [1]
cCH03_2                 0x0800dcf8    0x10  Data  Gb  menu.o [1]
cCH04_2                 0x0800dd08    0x10  Data  Gb  menu.o [1]
cDATE1                  0x0800cec0     0xc  Data  Gb  menu.o [1]
cDATE_FORMAT1           0x0800ccb4     0xc  Data  Gb  menu.o [1]
cDATE_FORMAT2           0x0800ccc0     0xc  Data  Gb  menu.o [1]
cDATE_FORMAT_1          0x0800cee4    0x14  Data  Gb  menu.o [1]
cDAY                    0x0800caec     0x4  Data  Gb  menu.o [1]
cDISPLAY                0x0800c884     0xc  Data  Gb  menu.o [1]
cDISPLAY4               0x0800de1c     0xc  Data  Gb  menu.o [1]
cDMY                    0x0800cd6c     0xc  Data  Gb  menu.o [1]
cEURO                   0x0800cd64     0x8  Data  Gb  menu.o [1]
cFULL_3                 0x0800dd50    0x10  Data  Gb  menu.o [1]
cHMS                    0x0800ceb4     0xc  Data  Gb  menu.o [1]
cLOSS_AUTO_SKIP3        0x0800dd60    0x14  Data  Gb  menu.o [1]
cLOSS_DISPLAY_ID7       0x0800df08    0x18  Data  Gb  menu.o [1]
cLOSS_TIME_ID7          0x0800deec    0x1c  Data  Gb  menu.o [1]
cMAIN_MENU              0x0800c844    0x10  Data  Gb  menu.o [1]
cMDY                    0x0800cd58     0xc  Data  Gb  menu.o [1]
cMINUS1                 0x0800cae4     0x2  Data  Gb  menu.o [1]
cMISC7                  0x0800deb8    0x14  Data  Gb  menu.o [1]
cMISCELLANEOUS          0x0800c890    0x14  Data  Gb  menu.o [1]
cMON                    0x0800cae8     0x4  Data  Gb  menu.o [1]
cOFF1                   0x0800ca68     0x4  Data  Gb  menu.o [1]
cOFF3                   0x0800dd30     0x8  Data  Gb  menu.o [1]
cOFF7                   0x0800de74     0x4  Data  Gb  menu.o [1]
cOFF_BLK7               0x0800de78     0x4  Data  Gb  menu.o [1]
cON1                    0x0800ca64     0x4  Data  Gb  menu.o [1]
cOSD_DISPLAY_4          0x0800de38    0x14  Data  Gb  menu.o [1]
cOSD_POSTION_4          0x0800de4c    0x14  Data  Gb  menu.o [1]
cOSD_POS_A              0x0800dd94     0x2  Data  Gb  menu.o [1]
cOSD_POS_B              0x0800dd98     0x2  Data  Gb  menu.o [1]
cOSD_POS_C              0x0800dd9c     0x2  Data  Gb  menu.o [1]
cOSD_POS_D              0x0800dda0     0x2  Data  Gb  menu.o [1]
cOSD_POS_E              0x0800dda4     0x2  Data  Gb  menu.o [1]
cOSD_POS_F              0x0800dda8     0x2  Data  Gb  menu.o [1]
cOSD_POS_G              0x0800ddac     0x2  Data  Gb  menu.o [1]
cPLUS1                  0x0800cae0     0x2  Data  Gb  menu.o [1]
cPREMOCON_ID7           0x0800decc    0x10  Data  Gb  menu.o [1]
cRESOLUTION4            0x0800de28    0x10  Data  Gb  menu.o [1]
cSEC3                   0x0800dd38     0x4  Data  Gb  menu.o [1]
cSEMICOL1               0x0800cb88     0x2  Data  Gb  menu.o [1]
cSW_VER_7               0x0800df20     0xc  Data  Gb  menu.o [1]
cTIME1                  0x0800cea8     0xc  Data  Gb  menu.o [1]
cTIME_CORRECT1          0x0800cef8    0x1c  Data  Gb  menu.o [1]
cTIME_DATE              0x0800c854    0x10  Data  Gb  menu.o [1]
cTIME_DATE1             0x0800ce98    0x10  Data  Gb  menu.o [1]
cTIME_DISPLAY1          0x0800cecc    0x18  Data  Gb  menu.o [1]
cTIME_OSD_CENTER1       0x0800cdc8     0x8  Data  Gb  menu.o [1]
cTIME_OSD_LEFT1         0x0800cdc0     0x8  Data  Gb  menu.o [1]
cTIME_OSD_LOC1          0x0800cf14    0x1c  Data  Gb  menu.o [1]
cTIME_OSD_RIGHTX1       0x0800cdd0     0x8  Data  Gb  menu.o [1]
cTITLE_DISPLAY2         0x0800dd18    0x18  Data  Gb  menu.o [1]
cUS                     0x0800cd50     0x8  Data  Gb  menu.o [1]
cYMD                    0x0800cd44     0xc  Data  Gb  menu.o [1]
cbaud_1200              0x0800de7c     0xc  Data  Gb  menu.o [1]
cbaud_19200             0x0800deac     0xc  Data  Gb  menu.o [1]
cbaud_2400              0x0800de88     0xc  Data  Gb  menu.o [1]
cbaud_4800              0x0800de94     0xc  Data  Gb  menu.o [1]
cbaud_9600              0x0800dea0     0xc  Data  Gb  menu.o [1]
ch9_loss                0x20000008     0x1  Data  Gb  main.o [1]
check_id                0x0801adf9    0x18  Code  Gb  raptor3_drv.o [1]
date_value              0x20000d76     0x2  Data  Gb  Rtc.o [1]
defAUXFiltCoef          0x08019fe8    0x8c  Data  Lc  video.o [1]
defAudio                0x0800c4c0     0x2  Data  Lc  menu.o [1]
defEnhance              0x0800c49c     0x4  Data  Lc  menu.o [1]
defFilter               0x0800c4b8     0x8  Data  Lc  menu.o [1]
defIPCMode              0x0800c488     0xc  Data  Lc  menu.o [1]
defInOutMode            0x0800c4a0     0x8  Data  Lc  menu.o [1]
defMDINDACData          0x08013fd4   0x5a4  Data  Gb  mdinfrmt.o [1]
defMDINHTXVideo         0x08014760   0xec4  Data  Gb  mdinfrmt.o [1]
defMDINOutSync          0x08013974   0x660  Data  Gb  mdinfrmt.o [1]
defMDINOutVideo         0x08014650   0x110  Data  Gb  mdinfrmt.o [1]
defMDINSrcVideo         0x08014578    0xd8  Data  Gb  mdinfrmt.o [1]
defNRMode               0x0800c494     0x8  Data  Lc  menu.o [1]
defPIPViewWND_1024X768  0x08012f50    0x20  Data  Lc  demo.o [1]
defPIPViewWND_1280X1024
                        0x08012f30    0x20  Data  Lc  demo.o [1]
defPIPViewWND_1360X768  0x08012f10    0x20  Data  Lc  demo.o [1]
defPIPViewWND_1440X900  0x08012ef0    0x20  Data  Lc  demo.o [1]
defPIPViewWND_1680X1050
                        0x08012ed0    0x20  Data  Lc  demo.o [1]
defPIPViewWND_1920X1080
                        0x08012e70    0x60  Data  Lc  demo.o [1]
defPicture              0x0800c4a8     0x8  Data  Lc  menu.o [1]
defSetUp                0x0800c4b0     0x8  Data  Lc  menu.o [1]
demoAudio               0x20000ca4     0x1  Data  Lc  menu.o [1]
demoEnhance             0x20000cb0     0x4  Data  Lc  menu.o [1]
demoFilter              0x20000cf8     0x8  Data  Lc  menu.o [1]
demoIPCMode             0x20000ce4     0xc  Data  Lc  menu.o [1]
demoInOutMode           0x20000cb4     0x8  Data  Lc  menu.o [1]
demoNRMode              0x20000ca8     0x8  Data  Lc  menu.o [1]
demoPicture             0x20000cbc     0x8  Data  Lc  menu.o [1]
demoSetUp               0x20000cf0     0x8  Data  Lc  menu.o [1]
enInterWND              0x20000dd5     0x1  Data  Lc  mdinipc.o [1]
exit                    0x0801b2eb     0x4  Code  Gb  exit.o [3]
fCROPMove               0x20000dd2     0x1  Data  Gb  main.o [1]
fItemExecute            0x20000dba     0x1  Data  Lc  item.o [1]
fMenuUpdate             0x20000dbe     0x1  Data  Gb  menu.o [1]
fSyncParsed             0x20000cdb     0x1  Data  Gb  video.o [1]
fbADDR                  0x20000c88     0x2  Data  Lc  mdin3xx.o [1]
frez_M                  0x20000c84     0x1  Data  Lc  mdin3xx.o [1]
gDrawBoxFlg             0x200000bc     0x4  Data  Gb  VS4210.o [4]
gHActive                0x20000d94     0x8  Data  Gb  VS4210.o [1]
gHDMI_Index             0x20000dd7     0x1  Data  Gb  VS4210.o [1]
gHTotal                 0x20000da4     0x8  Data  Gb  VS4210.o [1]
gVActive                0x20000d9c     0x8  Data  Gb  VS4210.o [1]
gVTotal                 0x20000dac     0x8  Data  Gb  VS4210.o [1]
gWindowNum              0x20000dda     0x1  Data  Wk  VS4210.o [4]
gaHDMI_MapWindowIndex   0x200000b8     0x4  Data  Gb  VS4210.o [1]
gbVXIS_InputMode        0x20000dc8     0x4  Data  Gb  VS4210.o [1]
gbVXIS_OuputModeflg     0x200000a4     0x1  Data  Gb  VS4210.o [1]
gbVXIS_OuputSize        0x200000a5     0x1  Data  Gb  VS4210.o [1]
gridGAC                 0x20000dcc     0x2  Data  Lc  mdingac.o [1]
gvideofftmp             0x200000af     0x1  Data  Gb  VS4210.o [4]
key_data                0x2000004a     0x1  Data  Gb  key.o [1]
key_flag                0x20000049     0x1  Data  Gb  key.o [1]
key_raw_data            0x20000054     0x2  Data  Gb  key.o [1]
key_stat                0x20000048     0x1  Data  Gb  key.o [1]
key_table               0x0801a560     0x8  Data  Gb  key.o [1]
key_table_index         0x0801a568     0x8  Data  Gb  key.o [1]
led_state               0x20000056     0x2  Data  Gb  key.o [1]
localch                 0x20000dde     0x1  Data  Lc  VS4210.o [4]
main                    0x0801aa3d   0x164  Code  Gb  main.o [1]
mdin3xx_font_cnv_bmp    0x08004ea0  0x48c0  Data  Lc  osd.o [1]
mdin3xx_font_rgb_pal    0x08004e20    0x40  Data  Lc  osd.o [1]
mdin3xx_font_yuv_pal    0x08004e60    0x40  Data  Lc  osd.o [1]
mdinERR                 0x20000c86     0x2  Data  Gb  mdin3xx.o [1]
mdinREV                 0x20000ca2     0x2  Data  Gb  mdin3xx.o [1]
memcpy                  0x0800e48d     0xc  Code  Gb  memcpy.o [3]
memset                  0x0800bb01    0x14  Code  Gb  memset.o [3]
month_leap_table        0x08013200     0xc  Data  Gb  Rtc.o [1]
month_normal_table      0x080131f4     0xc  Data  Gb  Rtc.o [1]
msleep                  0x08015ea1     0x4  Code  Gb  VS4210.o [1]
onMode0                 0x20000dd8     0x1  Data  Wk  VS4210.o [4]
osd_ch_name_location_buf
                        0x20000ba4    0x48  Data  Gb  osd_display.o [1]
osd_freeze_autoseq_location_buf
                        0x20000068    0x10  Data  Gb  osd_display.o [1]
osd_video_lose_location_buf
                        0x20000bec    0x48  Data  Gb  osd_display.o [1]
pipID                   0x20000dc2     0x1  Data  Lc  demo.o [1]
popID                   0x20000dc3     0x1  Data  Lc  demo.o [1]
pre_key_data            0x2000004b     0x1  Data  Gb  key.o [1]
pre_special_mode        0x20000052     0x1  Data  Gb  key.o [1]
pre_split_mode          0x20000053     0x1  Data  Gb  key.o [1]
read_eeprom_all         0x080128a9    0x22  Code  Gb  MCU.o [1]
rs232_key_table         0x20000028    0x20  Data  Gb  main.o [1]
rtc_day                 0x20000d6e     0x1  Data  Gb  Rtc.o [1]
rtc_hour                0x20000d6f     0x1  Data  Gb  Rtc.o [1]
rtc_min                 0x20000d70     0x1  Data  Gb  Rtc.o [1]
rtc_month               0x20000d6d     0x1  Data  Gb  Rtc.o [1]
rtc_sec                 0x20000d71     0x1  Data  Gb  Rtc.o [1]
rtc_sec_update_flag     0x20000d73     0x1  Data  Gb  Rtc.o [1]
rtc_year                0x20000d6c     0x1  Data  Gb  Rtc.o [1]
s_raptor3_vfmts         0x20000c34    0x2c  Data  Gb  NVP6158.o [1]
sec_flag                0x20000d72     0x1  Data  Gb  Rtc.o [1]
setTransParentIndex     0x080161d9    0x24  Code  Gb  VS4210.o [1]
space                   0x20000078    0x10  Data  Gb  osd_display.o [1]
stFONT                  0x20000d80     0xc  Data  Gb  osd.o [1]
stInterWND              0x20000cdc     0x8  Data  Gb  video.o [1]
stLayer                 0x20000c60    0x24  Data  Gb  osd.o [1]
stOSD                   0x20000a34    0xf0  Data  Gb  osd.o [1]
stVideo                 0x200008c0   0x174  Data  Gb  video.o [1]
str_AUTO                0x08012614     0x8  Data  Gb  osd_display.o [1]
str_AUTO2               0x0801261c     0x8  Data  Gb  osd_display.o [1]
str_AUTO3               0x08012624     0x8  Data  Gb  osd_display.o [1]
str_AUTO_BLK            0x0801262c     0x8  Data  Gb  osd_display.o [1]
str_AUTO_BLK2           0x08012634     0x8  Data  Gb  osd_display.o [1]
str_Freeze              0x080117f0     0xc  Data  Gb  osd_display.o [1]
str_Freeze2             0x08011814     0x8  Data  Gb  osd_display.o [1]
str_Freeze3             0x080117fc     0xc  Data  Gb  osd_display.o [1]
str_Freeze_BLK          0x08011808     0xc  Data  Gb  osd_display.o [1]
str_Freeze_BLK2         0x0801181c     0x8  Data  Gb  osd_display.o [1]
str_NO_VIDEO            0x0801263c     0xc  Data  Gb  osd_display.o [1]
str_NO_VIDEO_Blk        0x08012648     0xc  Data  Gb  osd_display.o [1]
strlen                  0x08010bbd          Code  Gb  strlen.o [6]
sys_env                 0x20000b24    0x80  Data  Gb  main.o [1]
sys_status              0x20000000     0x4  Data  Gb  main.o [1]
sysenv_split_mode       0x20000006     0x1  Data  Gb  main.o [1]
tBIT_CHECK              0x0800cfbc     0x8  Data  Gb  menu.o [1]
tMenu_P                 0x0800c6dc    0x98  Data  Gb  menu.o [1]
tMenu_S                 0x0800c6d4     0x8  Data  Gb  menu.o [1]
tPAGE0_KEY              0x0800c9c7    0x78  Code  Gb  menu.o [1]
tPAGE1_KEY              0x0800cfd1   0x25e  Code  Gb  menu.o [1]
tPAGE1_Position         0x0800cf41    0x70  Code  Gb  menu.o [1]
tPAGE2_KEY              0x0800d329   0x1dc  Code  Gb  menu.o [1]
tPAGE3_KEY              0x0800d64f    0xa0  Code  Gb  menu.o [1]
tPAGE3_Position         0x0800d627    0x20  Code  Gb  menu.o [1]
tPAGE4_KEY              0x0800d8a1   0x18a  Code  Gb  menu.o [1]
tPAGE5_KEY              0x0800dbed    0xc2  Code  Gb  menu.o [1]
tPAGE5_Position         0x0800db09    0x2e  Code  Gb  menu.o [1]
tRTC_POSITION           0x0800cfc4     0xc  Data  Gb  menu.o [1]
tYEAR_Position          0x0800cc60     0xc  Data  Gb  menu.o [1]
tbl_OSG_SPLIT4_POSITION_1920x1080
                        0x08011e1c    0x60  Data  Gb  osd_display.o [1]
tbl_OSG_SPLIT6_1_POSITION_1920x1080
                        0x080122b4    0xd8  Data  Gb  osd_display.o [1]
tbl_OSG_SPLIT6_2_POSITION_1920x1080
                        0x0801238c    0xd8  Data  Gb  osd_display.o [1]
tbl_OSG_SPLIT6_3_POSITION_1920x1080
                        0x08012464    0xd8  Data  Gb  osd_display.o [1]
tbl_OSG_SPLIT6_4_POSITION_1920x1080
                        0x0801253c    0xd8  Data  Gb  osd_display.o [1]
tbl_OSG_SPLIT8_1_POSITION_1920x1080
                        0x08011f54    0xd8  Data  Gb  osd_display.o [1]
tbl_OSG_SPLIT8_2_POSITION_1920x1080
                        0x0801202c    0xd8  Data  Gb  osd_display.o [1]
tbl_OSG_SPLIT8_3_POSITION_1920x1080
                        0x08012104    0xd8  Data  Gb  osd_display.o [1]
tbl_OSG_SPLIT8_4_POSITION_1920x1080
                        0x080121dc    0xd8  Data  Gb  osd_display.o [1]
tbl_OSG_SPLIT9_POSITION_1920x1080
                        0x08011e7c    0xd8  Data  Gb  osd_display.o [1]
tick_10ms               0x2000000c     0x4  Data  Gb  main.o [1]
time_value              0x20000d7c     0x4  Data  Gb  Rtc.o [1]
vAuto_Seq_Cnt           0x200000b1     0x1  Data  Gb  sequence.o [1]
vAuto_Seq_Index         0x200000b2     0x1  Data  Gb  sequence.o [1]
vITEM_X                 0x20000d8e     0x1  Data  Gb  menu.o [1]
vITEM_Y                 0x20000d8f     0x1  Data  Gb  menu.o [1]
vOSD_B                  0x200000a6     0x2  Data  Gb  menu.o [1]
vPAGE                   0x20000d8d     0x1  Data  Gb  menu.o [1]
vVideo_Loss             0x20000014     0x4  Data  Gb  main.o [1]
video_input_auto_detect_set
                        0x0801af35   0x1b4  Code  Gb  raptor3_drv.o [1]
video_output_colorbar_set
                        0x0801ae11    0x66  Code  Gb  raptor3_drv.o [1]
vpll_M                  0x20000c9e     0x2  Data  Lc  mdin3xx.o [1]
vpll_P                  0x20000c9c     0x2  Data  Lc  mdin3xx.o [1]
vpll_S                  0x20000ca0     0x2  Data  Lc  mdin3xx.o [1]
vs4210_system_init      0x08016467    0x56  Code  Gb  VS4210.o [1]
write_eeprom_all        0x0801287b    0x2e  Code  Gb  MCU.o [1]
xpll_F                  0x20000db6     0x2  Data  Lc  mdinaux.o [1]
xpll_S                  0x20000db4     0x2  Data  Lc  mdinaux.o [1]
xpll_T                  0x20000db8     0x2  Data  Lc  mdinaux.o [1]
year_table              0x0801320c    0xc8  Data  Gb  Rtc.o [1]


[1] = D:\01.Work\project\IAR_PS-XD40\Project\Debug\Obj
[2] = command line
[3] = dl7M_tlf.a
[4] = libVS4210.a
[5] = m7M_tl.a
[6] = rt7M_tl.a
[7] = shb_l.a

  82 646 bytes of readonly  code memory
  29 214 bytes of readonly  data memory
   4 575 bytes of readwrite data memory

Errors: none
Warnings: 1
